Component: ARM Compiler 5.06 update 7 (build 960) Tool: armlink [4d3601]

==============================================================================

Section Cross References

    main.o(i.main) refers to sys.o(i.Cache_Enable) for Cache_Enable
    main.o(i.main) refers to stm32h7xx_hal.o(i.HAL_Init) for HAL_Init
    main.o(i.main) refers to sys.o(i.Stm32_Clock_Init) for Stm32_Clock_Init
    main.o(i.main) refers to delay.o(i.delay_init) for delay_init
    main.o(i.main) refers to usart.o(i.uart_init) for uart_init
    main.o(i.main) refers to led.o(i.LED_Init) for LED_Init
    main.o(i.main) refers to key.o(i.KEY_Init) for KEY_Init
    main.o(i.main) refers to sdram.o(i.SDRAM_Init) for SDRAM_Init
    main.o(i.main) refers to lcd.o(i.LCD_Init) for LCD_Init
    main.o(i.main) refers to w25qxx.o(i.W25QXX_Init) for W25QXX_Init
    main.o(i.main) refers to es8388.o(i.ES8388_Init) for ES8388_Init
    main.o(i.main) refers to es8388.o(i.ES8388_ADDA_Cfg) for ES8388_ADDA_Cfg
    main.o(i.main) refers to es8388.o(i.ES8388_Output_Cfg) for ES8388_Output_Cfg
    main.o(i.main) refers to es8388.o(i.ES8388_HPvol_Set) for ES8388_HPvol_Set
    main.o(i.main) refers to es8388.o(i.ES8388_SPKvol_Set) for ES8388_SPKvol_Set
    main.o(i.main) refers to malloc.o(i.my_mem_init) for my_mem_init
    main.o(i.main) refers to exfuns.o(i.exfuns_init) for exfuns_init
    main.o(i.main) refers to ff.o(i.f_mount) for f_mount
    main.o(i.main) refers to lcd.o(i.LCD_ShowString) for LCD_ShowString
    main.o(i.main) refers to delay.o(i.delay_ms) for delay_ms
    main.o(i.main) refers to lcd.o(i.LCD_Fill) for LCD_Fill
    main.o(i.main) refers to fontupd.o(i.font_init) for font_init
    main.o(i.main) refers to ltdc.o(i.LTDC_Display_Dir) for LTDC_Display_Dir
    main.o(i.main) refers to text.o(i.Show_Str) for Show_Str
    main.o(i.main) refers to timer.o(i.TIM3_Init) for TIM3_Init
    main.o(i.main) refers to videoplayer.o(i.video_play) for video_play
    main.o(i.main) refers to usmart_config.o(.data) for usmart_dev
    main.o(i.main) refers to exfuns.o(.bss) for fs
    main.o(i.main) refers to lcd.o(.data) for POINT_COLOR
    stm32h7xx_it.o(i.SysTick_Handler) refers to stm32h7xx_hal.o(i.HAL_IncTick) for HAL_IncTick
    system_stm32h7xx.o(i.SystemCoreClockUpdate) refers to system_stm32h7xx.o(.data) for .data
    system_stm32h7xx.o(i.SystemCoreClockUpdate) refers to system_stm32h7xx.o(.constdata) for .constdata
    audioplay.o(i.audio_get_tnum) refers to malloc.o(i.mymalloc) for mymalloc
    audioplay.o(i.audio_get_tnum) refers to ff.o(i.f_opendir) for f_opendir
    audioplay.o(i.audio_get_tnum) refers to ff.o(i.f_readdir) for f_readdir
    audioplay.o(i.audio_get_tnum) refers to exfuns.o(i.f_typetell) for f_typetell
    audioplay.o(i.audio_get_tnum) refers to malloc.o(i.myfree) for myfree
    audioplay.o(i.audio_index_show) refers to lcd.o(i.LCD_ShowxNum) for LCD_ShowxNum
    audioplay.o(i.audio_index_show) refers to lcd.o(i.LCD_ShowChar) for LCD_ShowChar
    audioplay.o(i.audio_msg_show) refers to lcd.o(i.LCD_ShowxNum) for LCD_ShowxNum
    audioplay.o(i.audio_msg_show) refers to lcd.o(i.LCD_ShowChar) for LCD_ShowChar
    audioplay.o(i.audio_msg_show) refers to lcd.o(i.LCD_ShowString) for LCD_ShowString
    audioplay.o(i.audio_msg_show) refers to audioplay.o(.data) for .data
    audioplay.o(i.audio_play) refers to es8388.o(i.ES8388_ADDA_Cfg) for ES8388_ADDA_Cfg
    audioplay.o(i.audio_play) refers to es8388.o(i.ES8388_Output_Cfg) for ES8388_Output_Cfg
    audioplay.o(i.audio_play) refers to text.o(i.Show_Str) for Show_Str
    audioplay.o(i.audio_play) refers to delay.o(i.delay_ms) for delay_ms
    audioplay.o(i.audio_play) refers to lcd.o(i.LCD_Fill) for LCD_Fill
    audioplay.o(i.audio_play) refers to ff.o(i.f_opendir) for f_opendir
    audioplay.o(i.audio_play) refers to audioplay.o(i.audio_get_tnum) for audio_get_tnum
    audioplay.o(i.audio_play) refers to malloc.o(i.mymalloc) for mymalloc
    audioplay.o(i.audio_play) refers to ff.o(i.f_readdir) for f_readdir
    audioplay.o(i.audio_play) refers to exfuns.o(i.f_typetell) for f_typetell
    audioplay.o(i.audio_play) refers to ff.o(i.dir_sdi) for dir_sdi
    audioplay.o(i.audio_play) refers to strcpy.o(.text) for strcpy
    audioplay.o(i.audio_play) refers to strcat.o(.text) for strcat
    audioplay.o(i.audio_play) refers to audioplay.o(i.audio_index_show) for audio_index_show
    audioplay.o(i.audio_play) refers to audioplay.o(i.audio_play_song) for audio_play_song
    audioplay.o(i.audio_play) refers to malloc.o(i.myfree) for myfree
    audioplay.o(i.audio_play) refers to lcd.o(.bss) for lcddev
    audioplay.o(i.audio_play_song) refers to _printf_percent.o(.ARM.Collect$$_printf_percent$$00000000) for _printf_percent
    audioplay.o(i.audio_play_song) refers to _printf_s.o(.ARM.Collect$$_printf_percent$$00000014) for _printf_s
    audioplay.o(i.audio_play_song) refers to _printf_str.o(.text) for _printf_str
[...]
    W25QXX_ReadSR                            0x9000b721   Thumb Code    68  w25qxx.o(i.W25QXX_ReadSR)
    W25QXX_Wait_Busy                         0x9000b769   Thumb Code    14  w25qxx.o(i.W25QXX_Wait_Busy)
    W25QXX_Write                             0x9000b779   Thumb Code   150  w25qxx.o(i.W25QXX_Write)
    W25QXX_Write_Enable                      0x9000b815   Thumb Code    38  w25qxx.o(i.W25QXX_Write_Enable)
    W25QXX_Write_NoCheck                     0x9000b841   Thumb Code    62  w25qxx.o(i.W25QXX_Write_NoCheck)
    W25QXX_Write_Page                        0x9000b881   Thumb Code   114  w25qxx.o(i.W25QXX_Write_Page)
    __ARM_fpclassify                         0x9000b8fd   Thumb Code    48  fpclassify.o(i.__ARM_fpclassify)
    _is_digit                                0x9000b92d   Thumb Code    14  __printf_wp.o(i._is_digit)
    audio_sai_dma_callback                   0x9000b93d   Thumb Code    48  videoplayer.o(i.audio_sai_dma_callback)
    avi_get_streaminfo                       0x9000b979   Thumb Code    70  avi.o(i.avi_get_streaminfo)
    avi_init                                 0x9000b9c5   Thumb Code   548  avi.o(i.avi_init)
    avi_srarch_id                            0x9000bd09   Thumb Code    72  avi.o(i.avi_srarch_id)
    char_upper                               0x9000bdc9   Thumb Code    14  exfuns.o(i.char_upper)
    dir_sdi                                  0x9000c975   Thumb Code   150  ff.o(i.dir_sdi)
    disk_initialize                          0x9000ca0b   Thumb Code    40  diskio.o(i.disk_initialize)
    disk_ioctl                               0x9000ca35   Thumb Code   156  diskio.o(i.disk_ioctl)
    disk_read                                0x9000cad9   Thumb Code   102  diskio.o(i.disk_read)
    disk_status                              0x9000cb3f   Thumb Code     4  diskio.o(i.disk_status)
    disk_write                               0x9000cb43   Thumb Code   102  diskio.o(i.disk_write)
    exfuns_init                              0x9000cba9   Thumb Code    92  exfuns.o(i.exfuns_init)
    f_close                                  0x9000cc0d   Thumb Code    30  ff.o(i.f_close)
    f_lseek                                  0x9000cc2b   Thumb Code   782  ff.o(i.f_lseek)
    f_mount                                  0x9000cf39   Thumb Code    66  ff.o(i.f_mount)
    f_open                                   0x9000cf81   Thumb Code   654  ff.o(i.f_open)
    f_opendir                                0x9000d20f   Thumb Code   176  ff.o(i.f_opendir)
    f_read                                   0x9000d2bf   Thumb Code   374  ff.o(i.f_read)
    f_readdir                                0x9000d435   Thumb Code   108  ff.o(i.f_readdir)
    f_sync                                   0x9000d4a1   Thumb Code   360  ff.o(i.f_sync)
    f_typetell                               0x9000d609   Thumb Code   132  exfuns.o(i.f_typetell)
    ff_memalloc                              0x9000d691   Thumb Code     8  ffsystem.o(i.ff_memalloc)
    ff_memfree                               0x9000d699   Thumb Code     8  ffsystem.o(i.ff_memfree)
    ff_oem2uni                               0x9000d6a1   Thumb Code   108  myffunicode.o(i.ff_oem2uni)
    ff_uni2oem                               0x9000d711   Thumb Code   106  myffunicode.o(i.ff_uni2oem)
    ff_wtoupper                              0x9000d781   Thumb Code   128  myffunicode.o(i.ff_wtoupper)
    font_init                                0x9000dcfd   Thumb Code    58  fontupd.o(i.font_init)
    get_fattime                              0x9000deff   Thumb Code     4  ffsystem.o(i.get_fattime)
    mjpeg_decode                             0x9000e321   Thumb Code   386  mjpeg.o(i.mjpeg_decode)
    mjpeg_dma_in_callback                    0x9000e4e9   Thumb Code    62  mjpeg.o(i.mjpeg_dma_in_callback)
    mjpeg_dma_out_callback                   0x9000e531   Thumb Code   208  mjpeg.o(i.mjpeg_dma_out_callback)
    mjpeg_endofcovert_callback               0x9000e609   Thumb Code    10  mjpeg.o(i.mjpeg_endofcovert_callback)
    mjpeg_fill_color                         0x9000e619   Thumb Code   126  mjpeg.o(i.mjpeg_fill_color)
    mjpeg_free                               0x9000e6a5   Thumb Code    22  mjpeg.o(i.mjpeg_free)
    mjpeg_hdrover_callback                   0x9000e6c5   Thumb Code   110  mjpeg.o(i.mjpeg_hdrover_callback)
    mjpeg_init                               0x9000e739   Thumb Code   136  mjpeg.o(i.mjpeg_init)
    mjpeg_jpeg_core_destroy                  0x9000e7d5   Thumb Code    38  mjpeg.o(i.mjpeg_jpeg_core_destroy)
    mjpeg_jpeg_core_init                     0x9000e7fd   Thumb Code   102  mjpeg.o(i.mjpeg_jpeg_core_init)
    mjpeg_ltdc_dma2d_yuv2rgb_fill            0x9000e86d   Thumb Code   222  mjpeg.o(i.mjpeg_ltdc_dma2d_yuv2rgb_fill)
    my_mem_free                              0x9000e991   Thumb Code    80  malloc.o(i.my_mem_free)
    my_mem_init                              0x9000e9e9   Thumb Code    36  malloc.o(i.my_mem_init)
    my_mem_malloc                            0x9000ea15   Thumb Code   128  malloc.o(i.my_mem_malloc)
    my_mem_perused                           0x9000ea9d   Thumb Code    50  malloc.o(i.my_mem_perused)
    myfree                                   0x9000ead9   Thumb Code    20  malloc.o(i.myfree)
    mymalloc                                 0x9000eaf1   Thumb Code    28  malloc.o(i.mymalloc)
    mymemset                                 0x9000eb11   Thumb Code    12  malloc.o(i.mymemset)
    read_addr                                0x9000ecb1   Thumb Code     4  usmart.o(i.read_addr)
    usmart_cmd_rec                           0x9000efed   Thumb Code   144  usmart.o(i.usmart_cmd_rec)
    usmart_exe                               0x9000f081   Thumb Code   510  usmart.o(i.usmart_exe)
    usmart_get_aparm                         0x9000f2e1   Thumb Code   164  usmart_str.o(i.usmart_get_aparm)
    usmart_get_cmdname                       0x9000f385   Thumb Code    46  usmart_str.o(i.usmart_get_cmdname)
    usmart_get_fname                         0x9000f3b5   Thumb Code   352  usmart_str.o(i.usmart_get_fname)
    usmart_get_fparam                        0x9000f51d   Thumb Code   202  usmart_str.o(i.usmart_get_fparam)
    usmart_get_parmpos                       0x9000f5ed   Thumb Code    30  usmart_str.o(i.usmart_get_parmpos)
    usmart_get_runtime                       0x9000f611   Thumb Code    38  usmart.o(i.usmart_get_runtime)
    usmart_init                              0x9000f641   Thumb Code    36  usmart.o(i.usmart_init)
    usmart_pow                               0x9000f669   Thumb Code    16  usmart_str.o(i.usmart_pow)
    usmart_reset_runtime                     0x9000f679   Thumb Code    32  usmart.o(i.usmart_reset_runtime)
    usmart_scan                              0x9000f6a1   Thumb Code    94  usmart.o(i.usmart_scan)
    usmart_search_nextc                      0x9000f745   Thumb Code    16  usmart_str.o(i.usmart_search_nextc)
    usmart_str2num                           0x9000f755   Thumb Code   214  usmart_str.o(i.usmart_str2num)
    usmart_strcmp                            0x9000f82b   Thumb Code    24  usmart_str.o(i.usmart_strcmp)
    usmart_strcopy                           0x9000f843   Thumb Code    18  usmart_str.o(i.usmart_strcopy)
    usmart_strlen                            0x9000f855   Thumb Code    18  usmart_str.o(i.usmart_strlen)
    usmart_sys_cmd_exe                       0x9000f869   Thumb Code  1458  usmart.o(i.usmart_sys_cmd_exe)
    video_bmsg_show                          0x9000ff1d   Thumb Code   114  videoplayer.o(i.video_bmsg_show)
    video_get_tnum                           0x9000ffb1   Thumb Code    84  videoplayer.o(i.video_get_tnum)
    video_info_show                          0x90010005   Thumb Code   130  videoplayer.o(i.video_info_show)
    video_play                               0x900100b1   Thumb Code   444  videoplayer.o(i.video_play)
    video_play_mjpeg                         0x900102b9   Thumb Code   822  videoplayer.o(i.video_play_mjpeg)
    video_seek                               0x9001067d   Thumb Code   260  videoplayer.o(i.video_seek)
    video_time_show                          0x9001079d   Thumb Code   224  videoplayer.o(i.video_time_show)
    write_addr                               0x900108b1   Thumb Code     4  usmart.o(i.write_addr)
    __aeabi_ul2d                             0x90010929   Thumb Code     0  dfltll_clz.o(x$fpl$dfltull)
    _ll_uto_d                                0x90010929   Thumb Code   138  dfltll_clz.o(x$fpl$dfltull)
    _printf_fp_dec                           0x900109b3   Thumb Code     4  printf1.o(x$fpl$printf1)
    __I$use$fp                               0x900109b6   Number         0  usenofp.o(x$fpl$usenofp)
    asc2_1206                                0x900109b6   Data        1140  lcd.o(.constdata)
    asc2_1608                                0x90010e2a   Data        1520  lcd.o(.constdata)
    asc2_2412                                0x9001141a   Data        3420  lcd.o(.constdata)
    asc2_3216                                0x90012176   Data       12160  lcd.o(.constdata)
    SAI_PSC_TBL                              0x900150f6   Data         110  sai.o(.constdata)
    FILE_TYPE_TBL                            0x900151c0   Data         112  exfuns.o(.constdata)
    memtblsize                               0x900154e0   Data          24  malloc.o(.constdata)
    memblksize                               0x900154f8   Data          24  malloc.o(.constdata)
    memsize                                  0x90015510   Data          24  malloc.o(.constdata)
    AVI_VIDS_FLAG_TBL                        0x90015528   Data           8  avi.o(.constdata)
    AVI_AUDS_FLAG_TBL                        0x90015530   Data           8  avi.o(.constdata)
    ltdc_lcd_framebuf                        0xc0000000   Data       2048000  ltdc.o(.ARM.__AT_0xC0000000)
    mem2base                                 0xc01f4000   Data       52428800  malloc.o(.ARM.__AT_0xC01F4000)
    mem2mapbase                              0xc33f4000   Data       3276800  malloc.o(.ARM.__AT_0xC33F4000)



==============================================================================

Memory Map of the image

  Image Entry point : 0x08000299

  Load Region LR_m_stmflash (Base: 0x08000000, Size: 0x00001c30, Max: 0x00020000, ABSOLUTE, COMPRESSED[0x00001ab0])

    Execution Region ER_m_stmflash (Exec base: 0x08000000, Load base: 0x08000000, Size: 0x000019d8, Max: 0x00020000, ABSOLUTE)

    Exec Addr    Load Addr    Size         Type   Attr      Idx    E Section Name        Object

    0x08000000   0x08000000   0x00000298   Data   RO         2967    RESET               startup_stm32h750xx.o
    0x08000298   0x08000298   0x00000008   Code   RO         9743  * !!!main             c_w.l(__main.o)
    0x080002a0   0x080002a0   0x00000034   Code   RO         9980    !!!scatter          c_w.l(__scatter.o)
    0x080002d4   0x080002d4   0x0000005a   Code   RO         9978    !!dczerorl2         c_w.l(__dczerorl2.o)
    0x0800032e   0x0800032e   0x00000002   PAD
    0x08000330   0x08000330   0x0000001c   Code   RO         9982    !!handler_zi        c_w.l(__scatter_zi.o)
    0x0800034c   0x0800034c   0x00000002   Code   RO         9851    .ARM.Collect$$libinit$$00000000  c_w.l(libinit.o)
    0x0800034e   0x0800034e   0x00000004   Code   RO         9852    .ARM.Collect$$libinit$$00000001  c_w.l(libinit2.o)
    0x08000352   0x08000352   0x00000000   Code   RO         9855    .ARM.Collect$$libinit$$00000004  c_w.l(libinit2.o)
    0x08000352   0x08000352   0x00000000   Code   RO         9858    .ARM.Collect$$libinit$$0000000A  c_w.l(libinit2.o)
    0x08000352   0x08000352   0x00000000   Code   RO         9860    .ARM.Collect$$libinit$$0000000C  c_w.l(libinit2.o)
    0x08000352   0x08000352   0x00000000   Code   RO         9862    .ARM.Collect$$libinit$$0000000E  c_w.l(libinit2.o)
    0x08000352   0x08000352   0x00000006   Code   RO         9863    .ARM.Collect$$libinit$$0000000F  c_w.l(libinit2.o)
    0x08000358   0x08000358   0x00000000   Code   RO         9865    .ARM.Collect$$libinit$$00000011  c_w.l(libinit2.o)
    0x08000358   0x08000358   0x00000000   Code   RO         9867    .ARM.Collect$$libinit$$00000013  c_w.l(libinit2.o)
    0x08000358   0x08000358   0x00000000   Code   RO         9869    .ARM.Collect$$libinit$$00000015  c_w.l(libinit2.o)
    0x08000358   0x08000358   0x0000000a   Code   RO         9870    .ARM.Collect$$libinit$$00000016  c_w.l(libinit2.o)
    0x08000362   0x08000362   0x00000000   Code   RO         9871    .ARM.Collect$$libinit$$00000017  c_w.l(libinit2.o)
    0x08000362   0x08000362   0x00000000   Code   RO         9873    .ARM.Collect$$libinit$$00000019  c_w.l(libinit2.o)
    0x08000362   0x08000362   0x00000000   Code   RO         9875    .ARM.Collect$$libinit$$0000001B  c_w.l(libinit2.o)
    0x08000362   0x08000362   0x00000000   Code   RO         9877    .ARM.Collect$$libinit$$0000001D  c_w.l(libinit2.o)
    0x08000362   0x08000362   0x00000000   Code   RO         9879    .ARM.Collect$$libinit$$0000001F  c_w.l(libinit2.o)
    0x08000362   0x08000362   0x00000000   Code   RO         9881    .ARM.Collect$$libinit$$00000021  c_w.l(libinit2.o)
    0x08000362   0x08000362   0x00000000   Code   RO         9883    .ARM.Collect$$libinit$$00000023  c_w.l(libinit2.o)
    0x08000362   0x08000362   0x00000000   Code   RO         9885    .ARM.Collect$$libinit$$00000025  c_w.l(libinit2.o)
    0x08000362   0x08000362   0x00000000   Code   RO         9889    .ARM.Collect$$libinit$$0000002C  c_w.l(libinit2.o)
    0x08000362   0x08000362   0x00000000   Code   RO         9891    .ARM.Collect$$libinit$$0000002E  c_w.l(libinit2.o)
    0x08000362   0x08000362   0x00000000   Code   RO         9893    .ARM.Collect$$libinit$$00000030  c_w.l(libinit2.o)
    0x08000362   0x08000362   0x00000000   Code   RO         9895    .ARM.Collect$$libinit$$00000032  c_w.l(libinit2.o)
    0x08000362   0x08000362   0x00000002   Code   RO         9896    .ARM.Collect$$libinit$$00000033  c_w.l(libinit2.o)
    0x08000364   0x08000364   0x00000002   Code   RO         9938    .ARM.Collect$$libshutdown$$00000000  c_w.l(libshutdown.o)
    0x08000366   0x08000366   0x00000000   Code   RO         9959    .ARM.Collect$$libshutdown$$00000002  c_w.l(libshutdown2.o)
    0x08000366   0x08000366   0x00000000   Code   RO         9961    .ARM.Collect$$libshutdown$$00000004  c_w.l(libshutdown2.o)
    0x08000366   0x08000366   0x00000000   Code   RO         9963    .ARM.Collect$$libshutdown$$00000006  c_w.l(libshutdown2.o)
    0x08000366   0x08000366   0x00000000   Code   RO         9966    .ARM.Collect$$libshutdown$$00000009  c_w.l(libshutdown2.o)
    0x08000366   0x08000366   0x00000000   Code   RO         9969    .ARM.Collect$$libshutdown$$0000000C  c_w.l(libshutdown2.o)
    0x08000366   0x08000366   0x00000000   Code   RO         9971    .ARM.Collect$$libshutdown$$0000000E  c_w.l(libshutdown2.o)
    0x08000366   0x08000366   0x00000000   Code   RO         9974    .ARM.Collect$$libshutdown$$00000011  c_w.l(libshutdown2.o)
    0x08000366   0x08000366   0x00000002   Code   RO         9975    .ARM.Collect$$libshutdown$$00000012  c_w.l(libshutdown2.o)
    0x08000368   0x08000368   0x00000000   Code   RO         9751    .ARM.Collect$$rtentry$$00000000  c_w.l(__rtentry.o)
    0x08000368   0x08000368   0x00000000   Code   RO         9774    .ARM.Collect$$rtentry$$00000002  c_w.l(__rtentry2.o)
    0x08000368   0x08000368   0x00000006   Code   RO         9786    .ARM.Collect$$rtentry$$00000004  c_w.l(__rtentry4.o)
    0x0800036e   0x0800036e   0x00000000   Code   RO         9776    .ARM.Collect$$rtentry$$00000009  c_w.l(__rtentry2.o)
    0x0800036e   0x0800036e   0x00000004   Code   RO         9777    .ARM.Collect$$rtentry$$0000000A  c_w.l(__rtentry2.o)
    0x08000372   0x08000372   0x00000000   Code   RO         9779    .ARM.Collect$$rtentry$$0000000C  c_w.l(__rtentry2.o)
    0x08000372   0x08000372   0x00000008   Code   RO         9780    .ARM.Collect$$rtentry$$0000000D  c_w.l(__rtentry2.o)
    0x0800037a   0x0800037a   0x00000002   Code   RO         9897    .ARM.Collect$$rtexit$$00000000  c_w.l(rtexit.o)
    0x0800037c   0x0800037c   0x00000000   Code   RO         9910    .ARM.Collect$$rtexit$$00000002  c_w.l(rtexit2.o)
    0x0800037c   0x0800037c   0x00000004   Code   RO         9911    .ARM.Collect$$rtexit$$00000003  c_w.l(rtexit2.o)
    0x08000380   0x08000380   0x00000006   Code   RO         9912    .ARM.Collect$$rtexit$$00000004  c_w.l(rtexit2.o)
    0x08000386   0x08000386   0x00000002   PAD
    0x08000388   0x08000388   0x00000010   Code   RO         2846    .emb_text           sys.o
    0x08000398   0x08000398   0x00000040   Code   RO         2968    .text               startup_stm32h750xx.o
    0x080003d8   0x080003d8   0x000000ee   Code   RO         9654    .text               c_w.l(lludivv7m.o)
    0x080004c6   0x080004c6   0x00000006   Code   RO         9741    .text               c_w.l(heapauxi.o)
    0x080004cc   0x080004cc   0x00000008   Code   RO         9793    .text               c_w.l(rt_locale_intlibspace.o)
    0x080004d4   0x080004d4   0x00000008   Code   RO         9835    .text               c_w.l(libspace.o)
    0x080004dc   0x080004dc   0x0000004a   Code   RO         9838    .text               c_w.l(sys_stackheap_outer.o)
    0x08000526   0x08000526   0x00000012   Code   RO         9840    .text               c_w.l(exit.o)
    0x08000538   0x08000538   0x0000000a   Ven    RO         9984    Veneer$$Code        anon$$obj.o
    0x08000542   0x08000542   0x0000000a   Ven    RO         9985    Veneer$$Code        anon$$obj.o
    0x0800054c   0x0800054c   0x0000000a   Ven    RO         9986    Veneer$$Code        anon$$obj.o
    0x08000556   0x08000556   0x0000000a   Ven    RO         9987    Veneer$$Code        anon$$obj.o
    0x08000560   0x08000560   0x0000000a   Ven    RO         9988    Veneer$$Code        anon$$obj.o
    0x0800056a   0x0800056a   0x0000000a   Ven    RO         9989    Veneer$$Code        anon$$obj.o
    0x08000574   0x08000574   0x0000000a   Ven    RO         9990    Veneer$$Code        anon$$obj.o
    0x0800057e   0x0800057e   0x0000000a   Ven    RO         9991    Veneer$$Code        anon$$obj.o
    0x08000588   0x08000588   0x0000000a   Ven    RO         9992    Veneer$$Code        anon$$obj.o
    0x08000592   0x08000592   0x0000000a   Ven    RO         9993    Veneer$$Code        anon$$obj.o
    0x0800059c   0x0800059c   0x0000000a   Ven    RO         9994    Veneer$$Code        anon$$obj.o
    0x080005a6   0x080005a6   0x0000000a   Ven    RO         9995    Veneer$$Code        anon$$obj.o
    0x080005b0   0x080005b0   0x0000000a   Ven    RO         9996    Veneer$$Code        anon$$obj.o
    0x080005ba   0x080005ba   0x0000000a   Ven    RO         9997    Veneer$$Code        anon$$obj.o
    0x080005c4   0x080005c4   0x0000000a   Ven    RO         9998    Veneer$$Code        anon$$obj.o
    0x080005ce   0x080005ce   0x0000000a   Ven    RO         9999    Veneer$$Code        anon$$obj.o
    0x080005d8   0x080005d8   0x0000000a   Ven    RO        10000    Veneer$$Code        anon$$obj.o
    0x080005e2   0x080005e2   0x0000000a   Ven    RO        10001    Veneer$$Code        anon$$obj.o
    0x080005ec   0x080005ec   0x0000000a   Ven    RO        10002    Veneer$$Code        anon$$obj.o
    0x080005f6   0x080005f6   0x0000000a   Ven    RO        10003    Veneer$$Code        anon$$obj.o
    0x08000600   0x08000600   0x0000000a   Ven    RO        10004    Veneer$$Code        anon$$obj.o
    0x0800060a   0x0800060a   0x0000000a   Ven    RO        10005    Veneer$$Code        anon$$obj.o
    0x08000614   0x08000614   0x0000000a   Ven    RO        10006    Veneer$$Code        anon$$obj.o
    0x0800061e   0x0800061e   0x0000000a   Ven    RO        10007    Veneer$$Code        anon$$obj.o
    0x08000628   0x08000628   0x0000000a   Ven    RO        10008    Veneer$$Code        anon$$obj.o
    0x08000632   0x08000632   0x0000000a   Ven    RO        10009    Veneer$$Code        anon$$obj.o
    0x0800063c   0x0800063c   0x00000088   Code   RO         2847    i.Cache_Enable      sys.o
    0x080006c4   0x080006c4   0x00000010   Code   RO         2991    i.HAL_EnableCompensationCell  stm32h7xx_hal.o
    0x080006d4   0x080006d4   0x000001e8   Code   RO         3817    i.HAL_GPIO_Init     stm32h7xx_hal_gpio.o
    0x080008bc   0x080008bc   0x0000000a   Code   RO         3819    i.HAL_GPIO_ReadPin  stm32h7xx_hal_gpio.o
    0x080008c6   0x080008c6   0x0000000a   Code   RO         3821    i.HAL_GPIO_WritePin  stm32h7xx_hal_gpio.o
    0x080008d0   0x080008d0   0x0000000c   Code   RO         2998    i.HAL_GetTick       stm32h7xx_hal.o
    0x080008dc   0x080008dc   0x00000010   Code   RO         3001    i.HAL_IncTick       stm32h7xx_hal.o
    0x080008ec   0x080008ec   0x0000001c   Code   RO         3002    i.HAL_Init          stm32h7xx_hal.o
    0x08000908   0x08000908   0x00000040   Code   RO         3003    i.HAL_InitTick      stm32h7xx_hal.o
    0x08000948   0x08000948   0x00000054   Code   RO         3290    i.HAL_MPU_ConfigRegion  stm32h7xx_hal_cortex.o
    0x0800099c   0x0800099c   0x0000001c   Code   RO         3291    i.HAL_MPU_Disable   stm32h7xx_hal_cortex.o
    0x080009b8   0x080009b8   0x00000024   Code   RO         3292    i.HAL_MPU_Enable    stm32h7xx_hal_cortex.o
    0x080009dc   0x080009dc   0x00000002   Code   RO          813    i.HAL_MspInit       stm32h7xx_hal_msp.o
    0x080009de   0x080009de   0x0000001a   Code   RO         3295    i.HAL_NVIC_EnableIRQ  stm32h7xx_hal_cortex.o
    0x080009f8   0x080009f8   0x00000040   Code   RO         3301    i.HAL_NVIC_SetPriority  stm32h7xx_hal_cortex.o
    0x08000a38   0x08000a38   0x00000024   Code   RO         3302    i.HAL_NVIC_SetPriorityGrouping  stm32h7xx_hal_cortex.o
    0x08000a5c   0x08000a5c   0x000001d8   Code   RO         4253    i.HAL_RCC_ClockConfig  stm32h7xx_hal_rcc.o
    0x08000c34   0x08000c34   0x00000034   Code   RO         4257    i.HAL_RCC_GetHCLKFreq  stm32h7xx_hal_rcc.o
    0x08000c68   0x08000c68   0x0000002c   Code   RO         4259    i.HAL_RCC_GetPCLK1Freq  stm32h7xx_hal_rcc.o
    0x08000c94   0x08000c94   0x0000002c   Code   RO         4260    i.HAL_RCC_GetPCLK2Freq  stm32h7xx_hal_rcc.o
    0x08000cc0   0x08000cc0   0x000000f8   Code   RO         4261    i.HAL_RCC_GetSysClockFreq  stm32h7xx_hal_rcc.o
    0x08000db8   0x08000db8   0x0000049c   Code   RO         4264    i.HAL_RCC_OscConfig  stm32h7xx_hal_rcc.o
    0x08001254   0x08001254   0x00000018   Code   RO         3304    i.HAL_SYSTICK_CLKSourceConfig  stm32h7xx_hal_cortex.o
    0x0800126c   0x0800126c   0x00000028   Code   RO         3306    i.HAL_SYSTICK_Config  stm32h7xx_hal_cortex.o
    0x08001294   0x08001294   0x00000080   Code   RO         2902    i.HAL_UART_MspInit  usart.o
    0x08001314   0x08001314   0x00000058   Code   RO         2903    i.HAL_UART_RxCpltCallback  usart.o
    0x0800136c   0x0800136c   0x00000178   Code   RO         2850    i.QSPI_Enable_Memmapmode  sys.o
    0x080014e4   0x080014e4   0x000000b0   Code   RO         2851    i.Stm32_Clock_Init  sys.o
    0x08001594   0x08001594   0x00000084   Code   RO          775    i.SystemInit        system_stm32h7xx.o
    0x08001618   0x08001618   0x00000044   Code   RO         2904    i.USART1_IRQHandler  usart.o
    0x0800165c   0x0800165c   0x00000020   Code   RO         3308    i.__NVIC_SetPriority  stm32h7xx_hal_cortex.o
    0x0800167c   0x0800167c   0x00000002   Code   RO         2905    i._sys_exit         usart.o
    0x0800167e   0x0800167e   0x00000002   PAD
    0x08001680   0x08001680   0x00000014   Code   RO         2808    i.delay_init        delay.o
    0x08001694   0x08001694   0x0000001a   Code   RO         2809    i.delay_ms          delay.o
    0x080016ae   0x080016ae   0x00000002   PAD
    0x080016b0   0x080016b0   0x00000034   Code   RO         2810    i.delay_us          delay.o
    0x080016e4   0x080016e4   0x00000014   Code   RO         2906    i.fputc             usart.o
    0x080016f8   0x080016f8   0x00000224   Code   RO            4    i.main              main.o
    0x0800191c   0x0800191c   0x00000038   Code   RO         2907    i.uart_init         usart.o
    0x08001954   0x08001954   0x0000002c   Code   RO         9829    locale$$code        c_w.l(lc_numeric_c.o)
    0x08001980   0x08001980   0x0000000a   Code   RO         9907    x$fpl$fpinit        fz_wv.l(fpinit.o)
    0x0800198a   0x0800198a   0x00000010   Data   RO          776    .constdata          system_stm32h7xx.o
    0x0800199a   0x0800199a   0x00000002   PAD
    0x0800199c   0x0800199c   0x00000020   Data   RO         9976    Region$$Table       anon$$obj.o
    0x080019bc   0x080019bc   0x0000001c   Data   RO         9828    locale$$data        c_w.l(lc_numeric_c.o)


    Execution Region RW_m_stmsram (Exec base: 0x24000000, Load base: 0x080019d8, Size: 0x00079928, Max: 0x00080000, ABSOLUTE, COMPRESSED[0x000000d8])

    Exec Addr    Load Addr    Size         Type   Attr      Idx    E Section Name        Object

    0x24000000   COMPRESSED   0x00000004   Data   RW          777    .data               system_stm32h7xx.o
    0x24000004   COMPRESSED   0x00000004   Data   RW          778    .data               system_stm32h7xx.o
    0x24000008   COMPRESSED   0x00000008   Data   RW          922    .data               videoplayer.o
    0x24000010   COMPRESSED   0x00000010   Data   RW         1319    .data               jpegcodec.o
    0x24000020   COMPRESSED   0x00000001   Data   RW         1420    .data               key.o
    0x24000021   COMPRESSED   0x00000003   PAD
    0x24000024   COMPRESSED   0x00000008   Data   RW         1484    .data               lcd.o
    0x2400002c   COMPRESSED   0x00000008   Data   RW         1692    .data               ltdc.o
    0x24000034   COMPRESSED   0x00000004   Data   RW         1859    .data               ftl.o
    0x24000038   COMPRESSED   0x00000008   Data   RW         2241    .data               sai.o
    0x24000040   COMPRESSED   0x00000008   Data   RW         2360    .data               sdmmc_sdcard.o
    0x24000048   COMPRESSED   0x00000008   Data   RW         2622    .data               timer.o
    0x24000050   COMPRESSED   0x00000002   Data   RW         2707    .data               w25qxx.o
    0x24000052   COMPRESSED   0x00000002   PAD
    0x24000054   COMPRESSED   0x00000004   Data   RW         2811    .data               delay.o
    0x24000058   COMPRESSED   0x00000004   Data   RW         2909    .data               usart.o
    0x2400005c   COMPRESSED   0x00000004   Data   RW         2910    .data               usart.o
    0x24000060   COMPRESSED   0x0000000c   Data   RW         3024    .data               stm32h7xx_hal.o
    0x2400006c   COMPRESSED   0x00000002   Data   RW         8456    .data               ff.o
    0x2400006e   COMPRESSED   0x00000002   PAD
    0x24000070   COMPRESSED   0x0000000c   Data   RW         8838    .data               exfuns.o
    0x2400007c   COMPRESSED   0x00000040   Data   RW         9166    .data               malloc.o
    0x240000bc   COMPRESSED   0x00000014   Data   RW         9289    .data               mjpeg.o
    0x240000d0   COMPRESSED   0x0000001c   Data   RW         9474    .data               usmart.o
    0x240000ec   COMPRESSED   0x00000078   Data   RW         9551    .data               usmart_config.o
    0x24000164   COMPRESSED   0x000000f4   Data   RW         9552    .data               usmart_config.o
    0x24000258        -       0x00000010   Zero   RW          921    .bss                videoplayer.o
    0x24000268        -       0x0000005a   Zero   RW         1482    .bss                lcd.o
    0x240002c2   COMPRESSED   0x00000002   PAD
    0x240002c4        -       0x000000c8   Zero   RW         1690    .bss                ltdc.o
    0x2400038c        -       0x0000009c   Zero   RW         1977    .bss                nand.o
    0x24000428        -       0x00000218   Zero   RW         2239    .bss                sai.o
    0x24000640        -       0x00000278   Zero   RW         2359    .bss                sdmmc_sdcard.o
    0x240008b8        -       0x00000034   Zero   RW         2510    .bss                sdram.o
    0x240008ec        -       0x00000088   Zero   RW         2568    .bss                spi.o
    0x24000974        -       0x00000080   Zero   RW         2621    .bss                timer.o
    0x240009f4        -       0x00001000   Zero   RW         2706    .bss                w25qxx.o
    0x240019f4        -       0x00000148   Zero   RW         2908    .bss                usart.o
    0x24001b3c        -       0x0000000c   Zero   RW         8453    .bss                ff.o
    0x24001b48        -       0x0000000c   Zero   RW         8833    .bss                exfuns.o
    0x24001b54   COMPRESSED   0x0000002c   PAD
    0x24001b80        -       0x00070000   Zero   RW         9163    .bss                malloc.o
    0x24071b80        -       0x00007000   Zero   RW         9164    .bss                malloc.o
    0x24078b80        -       0x00000028   Zero   RW         9236    .bss                avi.o
    0x24078ba8        -       0x000000b0   Zero   RW         9288    .bss                mjpeg.o
    0x24078c58        -       0x00000029   Zero   RW         9372    .bss                fontupd.o
    0x24078c81   COMPRESSED   0x00000003   PAD
    0x24078c84        -       0x00000040   Zero   RW         9472    .bss                usmart.o
    0x24078cc4        -       0x00000060   Zero   RW         9836    .bss                c_w.l(libspace.o)
    0x24078d24   COMPRESSED   0x00000004   PAD
    0x24078d28        -       0x00000200   Zero   RW         2966    HEAP                startup_stm32h750xx.o
    0x24078f28        -       0x00000a00   Zero   RW         2965    STACK               startup_stm32h750xx.o



  Load Region LR_m_qspiflash (Base: 0x90000000, Size: 0x00015894, Max: 0x00800000, ABSOLUTE)

    Execution Region ER_m_qspiflash (Exec base: 0x90000000, Load base: 0x90000000, Size: 0x00015894, Max: 0x00800000, ABSOLUTE)

    Exec Addr    Load Addr    Size         Type   Attr      Idx    E Section Name        Object

    0x90000000   0x90000000   0x00000000   Code   RO         9723    .ARM.Collect$$_printf_percent$$00000000  c_w.l(_printf_percent.o)
    0x90000000   0x90000000   0x00000006   Code   RO         9722    .ARM.Collect$$_printf_percent$$00000003  c_w.l(_printf_f.o)
    0x90000006   0x90000006   0x00000006   Code   RO         9720    .ARM.Collect$$_printf_percent$$00000009  c_w.l(_printf_d.o)
    0x9000000c   0x9000000c   0x00000006   Code   RO         9721    .ARM.Collect$$_printf_percent$$0000000A  c_w.l(_printf_u.o)
    0x90000012   0x90000012   0x00000006   Code   RO         9719    .ARM.Collect$$_printf_percent$$0000000C  c_w.l(_printf_x.o)
    0x90000018   0x90000018   0x00000006   Code   RO         9717    .ARM.Collect$$_printf_percent$$00000013  c_w.l(_printf_c.o)
    0x9000001e   0x9000001e   0x00000006   Code   RO         9718    .ARM.Collect$$_printf_percent$$00000014  c_w.l(_printf_s.o)
    0x90000024   0x90000024   0x00000004   Code   RO         9770    .ARM.Collect$$_printf_percent$$00000017  c_w.l(_printf_percent_end.o)
    0x90000028   0x90000028   0x00000048   Code   RO         9656    .text               c_w.l(llsdiv.o)
    0x90000070   0x90000070   0x00000018   Code   RO         9662    .text               c_w.l(noretval__2printf.o)
    0x90000088   0x90000088   0x00000028   Code   RO         9664    .text               c_w.l(noretval__2sprintf.o)
    0x900000b0   0x900000b0   0x0000004e   Code   RO         9668    .text               c_w.l(_printf_pad.o)
    0x900000fe   0x900000fe   0x00000052   Code   RO         9670    .text               c_w.l(_printf_str.o)
    0x90000150   0x90000150   0x00000078   Code   RO         9672    .text               c_w.l(_printf_dec.o)
    0x900001c8   0x900001c8   0x00000058   Code   RO         9679    .text               c_w.l(_printf_hex_int.o)
    0x90000220   0x90000220   0x00000188   Code   RO         9714    .text               c_w.l(__printf_flags_ss_wp.o)
    0x900003a8   0x900003a8   0x00000048   Code   RO         9725    .text               c_w.l(strcpy.o)
    0x900003f0   0x900003f0   0x00000018   Code   RO         9729    .text               c_w.l(strcat.o)
    0x90000408   0x90000408   0x0000008a   Code   RO         9731    .text               c_w.l(rt_memcpy_v6.o)
    0x90000492   0x90000492   0x00000064   Code   RO         9733    .text               c_w.l(rt_memcpy_w.o)
    0x900004f6   0x900004f6   0x00000044   Code   RO         9735    .text               c_w.l(rt_memclr.o)
    0x9000053a   0x9000053a   0x0000004e   Code   RO         9737    .text               c_w.l(rt_memclr_w.o)
    0x90000588   0x90000588   0x00000068   Code   RO         9739    .text               c_w.l(strcmpv7m_pel.o)
    0x900005f0   0x900005f0   0x0000008a   Code   RO         9756    .text               c_w.l(lludiv10.o)
    0x9000067a   0x9000067a   0x000000b2   Code   RO         9758    .text               c_w.l(_printf_intcommon.o)
    0x9000072c   0x9000072c   0x0000041e   Code   RO         9760    .text               c_w.l(_printf_fp_dec.o)
    0x90000b4a   0x90000b4a   0x00000002   PAD
    0x90000b4c   0x90000b4c   0x00000030   Code   RO         9762    .text               c_w.l(_printf_char_common.o)
    0x90000b7c   0x90000b7c   0x0000000a   Code   RO         9764    .text               c_w.l(_sputc.o)
    0x90000b86   0x90000b86   0x0000002c   Code   RO         9766    .text               c_w.l(_printf_char.o)
    0x90000bb2   0x90000bb2   0x00000002   PAD
    0x90000bb4   0x90000bb4   0x00000024   Code   RO         9768    .text               c_w.l(_printf_char_file.o)
    0x90000bd8   0x90000bd8   0x00000080   Code   RO         9795    .text               c_w.l(_printf_fp_infnan.o)
    0x90000c58   0x90000c58   0x000000e4   Code   RO         9799    .text               c_w.l(bigflt0.o)
    0x90000d3c   0x90000d3c   0x00000008   Code   RO         9824    .text               c_w.l(ferror.o)
    0x90000d44   0x90000d44   0x0000003e   Code   RO         9802    CL$$btod_d2e        c_w.l(btod.o)
    0x90000d82   0x90000d82   0x00000046   Code   RO         9804    CL$$btod_d2e_denorm_low  c_w.l(btod.o)
    0x90000dc8   0x90000dc8   0x00000060   Code   RO         9803    CL$$btod_d2e_norm_op1  c_w.l(btod.o)
    0x90000e28   0x90000e28   0x00000338   Code   RO         9812    CL$$btod_div_common  c_w.l(btod.o)
    0x90001160   0x90001160   0x000000dc   Code   RO         9809    CL$$btod_e2e        c_w.l(btod.o)
    0x9000123c   0x9000123c   0x0000002a   Code   RO         9806    CL$$btod_ediv       c_w.l(btod.o)
    0x90001266   0x90001266   0x0000002a   Code   RO         9805    CL$$btod_emul       c_w.l(btod.o)
    0x90001290   0x90001290   0x00000244   Code   RO         9811    CL$$btod_mult_common  c_w.l(btod.o)
    0x900014d4   0x900014d4   0x0000000a   Ven    RO        10010    Veneer$$Code        anon$$obj.o
    0x900014de   0x900014de   0x0000000a   Ven    RO        10011    Veneer$$Code        anon$$obj.o
    0x900014e8   0x900014e8   0x0000000a   Ven    RO        10012    Veneer$$Code        anon$$obj.o
    0x900014f2   0x900014f2   0x0000000a   Ven    RO        10013    Veneer$$Code        anon$$obj.o
    0x900014fc   0x900014fc   0x0000000a   Ven    RO        10014    Veneer$$Code        anon$$obj.o
    0x90001506   0x90001506   0x0000000a   Ven    RO        10015    Veneer$$Code        anon$$obj.o
    0x90001510   0x90001510   0x0000000a   Ven    RO        10016    Veneer$$Code        anon$$obj.o
    0x9000151a   0x9000151a   0x0000000a   Ven    RO        10017    Veneer$$Code        anon$$obj.o
    0x90001524   0x90001524   0x0000000a   Ven    RO        10018    Veneer$$Code        anon$$obj.o
    0x9000152e   0x9000152e   0x0000000a   Ven    RO        10019    Veneer$$Code        anon$$obj.o
    0x90001538   0x90001538   0x0000000a   Ven    RO        10020    Veneer$$Code        anon$$obj.o
    0x90001542   0x90001542   0x0000000a   Ven    RO        10021    Veneer$$Code        anon$$obj.o
    0x9000154c   0x9000154c   0x0000000a   Ven    RO        10022    Veneer$$Code        anon$$obj.o
    0x90001556   0x90001556   0x0000000a   Ven    RO        10023    Veneer$$Code        anon$$obj.o
    0x90001560   0x90001560   0x0000000a   Ven    RO        10024    Veneer$$Code        anon$$obj.o
    0x9000156a   0x9000156a   0x0000000a   Ven    RO        10025    Veneer$$Code        anon$$obj.o
    0x90001574   0x90001574   0x0000000a   Ven    RO        10026    Veneer$$Code        anon$$obj.o
    0x9000157e   0x9000157e   0x0000000a   Ven    RO        10027    Veneer$$Code        anon$$obj.o
    0x90001588   0x90001588   0x0000000a   Ven    RO        10028    Veneer$$Code        anon$$obj.o
    0x90001592   0x90001592   0x0000000a   Ven    RO        10029    Veneer$$Code        anon$$obj.o
    0x9000159c   0x9000159c   0x0000000a   Ven    RO        10030    Veneer$$Code        anon$$obj.o
    0x900015a6   0x900015a6   0x0000000a   Ven    RO        10031    Veneer$$Code        anon$$obj.o
    0x900015b0   0x900015b0   0x00000002   Code   RO          430    i.BusFault_Handler  stm32h7xx_it.o
    0x900015b2   0x900015b2   0x00000002   PAD
    0x900015b4   0x900015b4   0x0000002c   Code   RO         2334    i.CmdError          sdmmc_sdcard.o
    0x900015e0   0x900015e0   0x00000044   Code   RO         2335    i.CmdResp1Error     sdmmc_sdcard.o
    0x90001624   0x90001624   0x00000048   Code   RO         2336    i.CmdResp2Error     sdmmc_sdcard.o
    0x9000166c   0x9000166c   0x0000002c   Code   RO         2337    i.CmdResp3Error     sdmmc_sdcard.o
    0x90001698   0x90001698   0x00000068   Code   RO         2338    i.CmdResp6Error     sdmmc_sdcard.o
    0x90001700   0x90001700   0x00000040   Code   RO         2339    i.CmdResp7Error     sdmmc_sdcard.o
    0x90001740   0x90001740   0x00000098   Code   RO         2225    i.DMA1_Stream5_IRQHandler  sai.o
    0x900017d8   0x900017d8   0x00000098   Code   RO         2226    i.DMA1_Stream6_IRQHandler  sai.o
    0x90001870   0x90001870   0x00000028   Code   RO         3430    i.DMA_CalcBaseAndBitshift  stm32h7xx_hal_dma.o
    0x90001898   0x90001898   0x0000005c   Code   RO         3431    i.DMA_CalcDMAMUXChannelBaseAndMask  stm32h7xx_hal_dma.o
    0x900018f4   0x900018f4   0x00000044   Code   RO         3432    i.DMA_CalcDMAMUXRequestGenBaseAndMask  stm32h7xx_hal_dma.o
    0x90001938   0x90001938   0x00000054   Code   RO         3433    i.DMA_CheckFifoParam  stm32h7xx_hal_dma.o
    0x9000198c   0x9000198c   0x0000001e   Code   RO         3546    i.DMA_MultiBufferSetConfig  stm32h7xx_hal_dma_ex.o
    0x900019aa   0x900019aa   0x00000002   Code   RO          431    i.DebugMon_Handler  stm32h7xx_it.o
    0x900019ac   0x900019ac   0x0000000a   Code   RO         1144    i.ES8388_3D_Set     es8388.o
    0x900019b6   0x900019b6   0x00000032   Code   RO         1145    i.ES8388_ADDA_Cfg   es8388.o
    0x900019e8   0x900019e8   0x00000018   Code   RO         1146    i.ES8388_ALC_Ctrl   es8388.o
    0x90001a00   0x90001a00   0x00000028   Code   RO         1147    i.ES8388_HPvol_Set  es8388.o
    0x90001a28   0x90001a28   0x00000012   Code   RO         1148    i.ES8388_I2S_Cfg    es8388.o
    0x90001a3a   0x90001a3a   0x000000ce   Code   RO         1149    i.ES8388_Init       es8388.o
    0x90001b08   0x90001b08   0x0000000e   Code   RO         1150    i.ES8388_Input_Cfg  es8388.o
    0x90001b16   0x90001b16   0x0000000e   Code   RO         1151    i.ES8388_MIC_Gain   es8388.o
    0x90001b24   0x90001b24   0x0000001a   Code   RO         1152    i.ES8388_Output_Cfg  es8388.o
    0x90001b3e   0x90001b3e   0x00000044   Code   RO         1153    i.ES8388_Read_Reg   es8388.o
    0x90001b82   0x90001b82   0x00000028   Code   RO         1154    i.ES8388_SPKvol_Set  es8388.o
    0x90001baa   0x90001baa   0x00000042   Code   RO         1155    i.ES8388_Write_Reg  es8388.o
    0x90001bec   0x90001bec   0x0000001c   Code   RO         6357    i.FMC_NAND_AttributeSpace_Timing_Init  stm32h7xx_ll_fmc.o
    0x90001c08   0x90001c08   0x0000001c   Code   RO         6358    i.FMC_NAND_CommonSpace_Timing_Init  stm32h7xx_ll_fmc.o
    0x90001c24   0x90001c24   0x00000030   Code   RO         6363    i.FMC_NAND_Init     stm32h7xx_ll_fmc.o
    0x90001c54   0x90001c54   0x00000040   Code   RO         6365    i.FMC_NORSRAM_Extended_Timing_Init  stm32h7xx_ll_fmc.o
    0x90001c94   0x90001c94   0x00000078   Code   RO         6366    i.FMC_NORSRAM_Init  stm32h7xx_ll_fmc.o
    0x90001d0c   0x90001d0c   0x0000005c   Code   RO         6367    i.FMC_NORSRAM_Timing_Init  stm32h7xx_ll_fmc.o
    0x90001d68   0x90001d68   0x00000050   Code   RO         6372    i.FMC_SDRAM_Init    stm32h7xx_ll_fmc.o
    0x90001db8   0x90001db8   0x0000000c   Code   RO         6373    i.FMC_SDRAM_ProgramRefreshRate  stm32h7xx_ll_fmc.o
    0x90001dc4   0x90001dc4   0x00000022   Code   RO         6374    i.FMC_SDRAM_SendCommand  stm32h7xx_ll_fmc.o
    0x90001de6   0x90001de6   0x00000002   PAD
    0x90001de8   0x90001de8   0x00000080   Code   RO         6376    i.FMC_SDRAM_Timing_Init  stm32h7xx_ll_fmc.o
    0x90001e68   0x90001e68   0x00000030   Code   RO         1845    i.FTL_BadBlockMark  ftl.o
    0x90001e98   0x90001e98   0x000000d0   Code   RO         1846    i.FTL_BlockCompare  ftl.o
    0x90001f68   0x90001f68   0x0000004c   Code   RO         1847    i.FTL_CheckBadBlock  ftl.o
    0x90001fb4   0x90001fb4   0x000000c8   Code   RO         1848    i.FTL_CopyAndWriteToBlock  ftl.o
    0x9000207c   0x9000207c   0x000000c8   Code   RO         1849    i.FTL_CreateLUT     ftl.o
    0x90002144   0x90002144   0x0000004c   Code   RO         1850    i.FTL_FindSamePlaneUnusedBlock  ftl.o
    0x90002190   0x90002190   0x00000044   Code   RO         1851    i.FTL_FindUnusedBlock  ftl.o
    0x900021d4   0x900021d4   0x000000c0   Code   RO         1852    i.FTL_Format        ftl.o
    0x90002294   0x90002294   0x000000e0   Code   RO         1853    i.FTL_Init          ftl.o
    0x90002374   0x90002374   0x0000001c   Code   RO         1854    i.FTL_LBNToPBN      ftl.o
    0x90002390   0x90002390   0x00000110   Code   RO         1855    i.FTL_ReadSectors   ftl.o
    0x900024a0   0x900024a0   0x00000020   Code   RO         1857    i.FTL_UsedBlockMark  ftl.o
    0x900024c0   0x900024c0   0x00000118   Code   RO         1858    i.FTL_WriteSectors  ftl.o
    0x900025d8   0x900025d8   0x000000b8   Code   RO         2340    i.FindSCR           sdmmc_sdcard.o
    0x90002690   0x90002690   0x00000098   Code   RO         9419    i.Get_HzMat         text.o
    0x90002728   0x90002728   0x000000b0   Code   RO         3553    i.HAL_DMAEx_MultiBufferStart  stm32h7xx_hal_dma_ex.o
    0x900027d8   0x900027d8   0x00000094   Code   RO         3436    i.HAL_DMA_Abort_IT  stm32h7xx_hal_dma.o
    0x9000286c   0x9000286c   0x000000c8   Code   RO         3437    i.HAL_DMA_DeInit    stm32h7xx_hal_dma.o
    0x90002934   0x90002934   0x00000194   Code   RO         3441    i.HAL_DMA_Init      stm32h7xx_hal_dma.o
    0x90002ac8   0x90002ac8   0x00000052   Code   RO         6652    i.HAL_LTDC_ConfigLayer  stm32h7xx_hal_ltdc.o
    0x90002b1a   0x90002b1a   0x00000002   PAD
    0x90002b1c   0x90002b1c   0x000000f4   Code   RO         6669    i.HAL_LTDC_Init     stm32h7xx_hal_ltdc.o
    0x90002c10   0x90002c10   0x000000d4   Code   RO         1674    i.HAL_LTDC_MspInit  ltdc.o
    0x90002ce4   0x90002ce4   0x00000054   Code   RO         6684    i.HAL_LTDC_SetWindowPosition  stm32h7xx_hal_ltdc.o
    0x90002d38   0x90002d38   0x00000054   Code   RO         6686    i.HAL_LTDC_SetWindowSize  stm32h7xx_hal_ltdc.o
    0x90002d8c   0x90002d8c   0x00000060   Code   RO         7822    i.HAL_NAND_Init     stm32h7xx_hal_nand.o
    0x90002dec   0x90002dec   0x000000b0   Code   RO         1954    i.HAL_NAND_MspInit  nand.o
    0x90002e9c   0x90002e9c   0x00000034   Code   RO         4360    i.HAL_RCCEx_GetD1SysClockFreq  stm32h7xx_hal_rcc_ex.o
    0x90002ed0   0x90002ed0   0x0000002c   Code   RO         4361    i.HAL_RCCEx_GetD3PCLK1Freq  stm32h7xx_hal_rcc_ex.o
    0x90002efc   0x90002efc   0x000000fc   Code   RO         4362    i.HAL_RCCEx_GetPLL1ClockFreq  stm32h7xx_hal_rcc_ex.o
    0x90002ff8   0x90002ff8   0x000000fc   Code   RO         4363    i.HAL_RCCEx_GetPLL2ClockFreq  stm32h7xx_hal_rcc_ex.o
    0x900030f4   0x900030f4   0x000000fc   Code   RO         4364    i.HAL_RCCEx_GetPLL3ClockFreq  stm32h7xx_hal_rcc_ex.o
    0x900031f0   0x900031f0   0x00000150   Code   RO         4366    i.HAL_RCCEx_GetPeriphCLKFreq  stm32h7xx_hal_rcc_ex.o
    0x90003340   0x90003340   0x000008b0   Code   RO         4368    i.HAL_RCCEx_PeriphCLKConfig  stm32h7xx_hal_rcc_ex.o
    0x90003bf0   0x90003bf0   0x00000098   Code   RO         7978    i.HAL_SAI_DeInit    stm32h7xx_hal_sai.o
    0x90003c88   0x90003c88   0x000002c4   Code   RO         7987    i.HAL_SAI_Init      stm32h7xx_hal_sai.o
    0x90003f4c   0x90003f4c   0x00000002   Code   RO         7989    i.HAL_SAI_MspDeInit  stm32h7xx_hal_sai.o
    0x90003f4e   0x90003f4e   0x00000002   PAD
    0x90003f50   0x90003f50   0x00000054   Code   RO         2227    i.HAL_SAI_MspInit   sai.o
    0x90003fa4   0x90003fa4   0x00000050   Code   RO         6207    i.HAL_SDRAM_Init    stm32h7xx_hal_sdram.o
    0x90003ff4   0x90003ff4   0x00000134   Code   RO         2506    i.HAL_SDRAM_MspInit  sdram.o
    0x90004128   0x90004128   0x00000022   Code   RO         6210    i.HAL_SDRAM_ProgramRefreshRate  stm32h7xx_hal_sdram.o
    0x9000414a   0x9000414a   0x0000002e   Code   RO         6216    i.HAL_SDRAM_SendCommand  stm32h7xx_hal_sdram.o
    0x90004178   0x90004178   0x000001e0   Code   RO         6917    i.HAL_SPI_Init      stm32h7xx_hal_spi.o
    0x90004358   0x90004358   0x00000064   Code   RO         2564    i.HAL_SPI_MspInit   spi.o
    0x900043bc   0x900043bc   0x00000318   Code   RO         6926    i.HAL_SPI_TransmitReceive  stm32h7xx_hal_spi.o
    0x900046d4   0x900046d4   0x00000064   Code   RO         6085    i.HAL_SRAM_Init     stm32h7xx_hal_sram.o
    0x90004738   0x90004738   0x00000078   Code   RO         1449    i.HAL_SRAM_MspInit  lcd.o
    0x900047b0   0x900047b0   0x00000002   Code   RO         5824    i.HAL_TIMEx_BreakCallback  stm32h7xx_hal_tim_ex.o
    0x900047b2   0x900047b2   0x00000002   Code   RO         5825    i.HAL_TIMEx_CommutationCallback  stm32h7xx_hal_tim_ex.o
    0x900047b4   0x900047b4   0x00000036   Code   RO         5182    i.HAL_TIM_Base_Init  stm32h7xx_hal_tim.o
    0x900047ea   0x900047ea   0x00000002   PAD
    0x900047ec   0x900047ec   0x0000004c   Code   RO         2613    i.HAL_TIM_Base_MspInit  timer.o
    0x90004838   0x90004838   0x00000018   Code   RO         5187    i.HAL_TIM_Base_Start_IT  stm32h7xx_hal_tim.o
    0x90004850   0x90004850   0x00000002   Code   RO         5211    i.HAL_TIM_IC_CaptureCallback  stm32h7xx_hal_tim.o
    0x90004852   0x90004852   0x00000180   Code   RO         5224    i.HAL_TIM_IRQHandler  stm32h7xx_hal_tim.o
    0x900049d2   0x900049d2   0x00000002   Code   RO         5227    i.HAL_TIM_OC_DelayElapsedCallback  stm32h7xx_hal_tim.o
    0x900049d4   0x900049d4   0x00000002   Code   RO         5254    i.HAL_TIM_PWM_PulseFinishedCallback  stm32h7xx_hal_tim.o
    0x900049d6   0x900049d6   0x00000002   PAD
    0x900049d8   0x900049d8   0x0000003c   Code   RO         2614    i.HAL_TIM_PeriodElapsedCallback  timer.o
    0x90004a14   0x90004a14   0x00000002   Code   RO         5265    i.HAL_TIM_TriggerCallback  stm32h7xx_hal_tim.o
    0x90004a16   0x90004a16   0x00000002   Code   RO         4870    i.HAL_UARTEx_WakeupCallback  stm32h7xx_hal_uart_ex.o
    0x90004a18   0x90004a18   0x00000002   Code   RO         4536    i.HAL_UART_ErrorCallback  stm32h7xx_hal_uart.o
    0x90004a1a   0x90004a1a   0x0000000c   Code   RO         4538    i.HAL_UART_GetState  stm32h7xx_hal_uart.o
    0x90004a26   0x90004a26   0x00000002   PAD
    0x90004a28   0x90004a28   0x00000180   Code   RO         4539    i.HAL_UART_IRQHandler  stm32h7xx_hal_uart.o
    0x90004ba8   0x90004ba8   0x0000006a   Code   RO         4540    i.HAL_UART_Init     stm32h7xx_hal_uart.o
    0x90004c12   0x90004c12   0x000000a6   Code   RO         4545    i.HAL_UART_Receive_IT  stm32h7xx_hal_uart.o
    0x90004cb8   0x90004cb8   0x00000002   Code   RO         4551    i.HAL_UART_TxCpltCallback  stm32h7xx_hal_uart.o
    0x90004cba   0x90004cba   0x00000002   Code   RO          432    i.HardFault_Handler  stm32h7xx_it.o
    0x90004cbc   0x90004cbc   0x00000050   Code   RO         1237    i.IIC_Ack           myiic.o
    0x90004d0c   0x90004d0c   0x00000050   Code   RO         1238    i.IIC_Init          myiic.o
    0x90004d5c   0x90004d5c   0x00000050   Code   RO         1239    i.IIC_NAck          myiic.o
    0x90004dac   0x90004dac   0x00000068   Code   RO         1240    i.IIC_Read_Byte     myiic.o
    0x90004e14   0x90004e14   0x0000006c   Code   RO         1241    i.IIC_Send_Byte     myiic.o
    0x90004e80   0x90004e80   0x00000050   Code   RO         1242    i.IIC_Start         myiic.o
    0x90004ed0   0x90004ed0   0x00000050   Code   RO         1243    i.IIC_Stop          myiic.o
    0x90004f20   0x90004f20   0x00000064   Code   RO         1244    i.IIC_Wait_Ack      myiic.o
    0x90004f84   0x90004f84   0x00000074   Code   RO         2341    i.IsCardProgramming  sdmmc_sdcard.o
    0x90004ff8   0x90004ff8   0x000000dc   Code   RO         1305    i.JPEG_DMA2D_YUV2RGB_Conversion  jpegcodec.o
    0x900050d4   0x900050d4   0x0000001c   Code   RO         1306    i.JPEG_DMA_Stop     jpegcodec.o
    0x900050f0   0x900050f0   0x000000b0   Code   RO         1307    i.JPEG_Decode_Init  jpegcodec.o
    0x900051a0   0x900051a0   0x0000007c   Code   RO         1308    i.JPEG_Get_Info     jpegcodec.o
    0x9000521c   0x9000521c   0x00000090   Code   RO         1310    i.JPEG_IN_DMA_Init  jpegcodec.o
    0x900052ac   0x900052ac   0x0000002e   Code   RO         1311    i.JPEG_IN_DMA_Resume  jpegcodec.o
    0x900052da   0x900052da   0x00000012   Code   RO         1312    i.JPEG_IN_DMA_Start  jpegcodec.o
    0x900052ec   0x900052ec   0x0000005c   Code   RO         1313    i.JPEG_IRQHandler   jpegcodec.o
    0x90005348   0x90005348   0x00000080   Code   RO         1314    i.JPEG_OUT_DMA_Init  jpegcodec.o
    0x900053c8   0x900053c8   0x0000002e   Code   RO         1315    i.JPEG_OUT_DMA_Resume  jpegcodec.o
    0x900053f6   0x900053f6   0x00000012   Code   RO         1316    i.JPEG_OUT_DMA_Start  jpegcodec.o
    0x90005408   0x90005408   0x00000080   Code   RO         1418    i.KEY_Init          key.o
    0x90005488   0x90005488   0x000000d8   Code   RO         1419    i.KEY_Scan          key.o
    0x90005560   0x90005560   0x00000048   Code   RO         1451    i.LCD_Clear         lcd.o
    0x900055a8   0x900055a8   0x0000006c   Code   RO         1452    i.LCD_Color_Fill    lcd.o
    0x90005614   0x90005614   0x00000100   Code   RO         1455    i.LCD_Display_Dir   lcd.o
    0x90005714   0x90005714   0x00000104   Code   RO         1460    i.LCD_Fast_DrawPoint  lcd.o
    0x90005818   0x90005818   0x00000060   Code   RO         1461    i.LCD_Fill          lcd.o
    0x90005878   0x90005878   0x000025bc   Code   RO         1462    i.LCD_Init          lcd.o
    0x90007e34   0x90007e34   0x00000048   Code   RO         1463    i.LCD_MPU_Config    lcd.o
    0x90007e7c   0x90007e7c   0x00000014   Code   RO         1465    i.LCD_RD_DATA       lcd.o
    0x90007e90   0x90007e90   0x00000054   Code   RO         1468    i.LCD_SSD_BackLightSet  lcd.o
    0x90007ee4   0x90007ee4   0x000001c0   Code   RO         1469    i.LCD_Scan_Dir      lcd.o
    0x900080a4   0x900080a4   0x00000114   Code   RO         1470    i.LCD_SetCursor     lcd.o
    0x900081b8   0x900081b8   0x00000170   Code   RO         1471    i.LCD_Set_Window    lcd.o
    0x90008328   0x90008328   0x000000dc   Code   RO         1472    i.LCD_ShowChar      lcd.o
    0x90008404   0x90008404   0x00000054   Code   RO         1474    i.LCD_ShowString    lcd.o
    0x90008458   0x90008458   0x00000018   Code   RO         1476    i.LCD_WR_DATA       lcd.o
    0x90008470   0x90008470   0x00000018   Code   RO         1477    i.LCD_WR_REG        lcd.o
    0x90008488   0x90008488   0x00000014   Code   RO         1479    i.LCD_WriteRAM_Prepare  lcd.o
    0x9000849c   0x9000849c   0x00000010   Code   RO         1480    i.LCD_WriteReg      lcd.o
    0x900084ac   0x900084ac   0x0000004c   Code   RO         1788    i.LED_Init          led.o
    0x900084f8   0x900084f8   0x00000020   Code   RO         1675    i.LTDC_Clear        ltdc.o
    0x90008518   0x90008518   0x00000026   Code   RO         1676    i.LTDC_Clk_Set      ltdc.o
    0x9000853e   0x9000853e   0x00000002   PAD
    0x90008540   0x90008540   0x000000b4   Code   RO         1677    i.LTDC_Color_Fill   ltdc.o
    0x900085f4   0x900085f4   0x00000028   Code   RO         1678    i.LTDC_Display_Dir  ltdc.o
    0x9000861c   0x9000861c   0x0000003c   Code   RO         1679    i.LTDC_Draw_Point   ltdc.o
    0x90008658   0x90008658   0x000000ac   Code   RO         1680    i.LTDC_Fill         ltdc.o
    0x90008704   0x90008704   0x00000328   Code   RO         1681    i.LTDC_Init         ltdc.o
    0x90008a2c   0x90008a2c   0x0000005c   Code   RO         1682    i.LTDC_Layer_Parameter_Config  ltdc.o
    0x90008a88   0x90008a88   0x00000024   Code   RO         1684    i.LTDC_Layer_Window_Config  ltdc.o
    0x90008aac   0x90008aac   0x000000bc   Code   RO         1685    i.LTDC_PanelID_Read  ltdc.o
    0x90008b68   0x90008b68   0x00000162   Code   RO         6688    i.LTDC_SetConfig    stm32h7xx_hal_ltdc.o
    0x90008cca   0x90008cca   0x00000002   PAD
    0x90008ccc   0x90008ccc   0x0000006c   Code   RO         1317    i.MDMA_IRQHandler   jpegcodec.o
    0x90008d38   0x90008d38   0x000001c4   Code   RO         1955    i.NAND_CopyPageWithWrite  nand.o
    0x90008efc   0x90008efc   0x0000008c   Code   RO         1956    i.NAND_CopyPageWithoutWrite  nand.o
    0x90008f88   0x90008f88   0x00000010   Code   RO         1957    i.NAND_Delay        nand.o
    0x90008f98   0x90008f98   0x00000094   Code   RO         1958    i.NAND_ECC_Correction  nand.o
    0x9000902c   0x9000902c   0x00000030   Code   RO         1959    i.NAND_ECC_Get_OE   nand.o
    0x9000905c   0x9000905c   0x00000058   Code   RO         1960    i.NAND_EraseBlock   nand.o
    0x900090b4   0x900090b4   0x000000c4   Code   RO         1962    i.NAND_Init         nand.o
    0x90009178   0x90009178   0x0000004a   Code   RO         1963    i.NAND_MPU_Config   nand.o
    0x900091c2   0x900091c2   0x00000002   PAD
    0x900091c4   0x900091c4   0x0000003c   Code   RO         1964    i.NAND_ModeSet      nand.o
    0x90009200   0x90009200   0x00000064   Code   RO         1965    i.NAND_ReadID       nand.o
    0x90009264   0x90009264   0x0000024c   Code   RO         1966    i.NAND_ReadPage     nand.o
    0x900094b0   0x900094b0   0x00000070   Code   RO         1967    i.NAND_ReadPageComp  nand.o
    0x90009520   0x90009520   0x00000020   Code   RO         1968    i.NAND_ReadSpare    nand.o
    0x90009540   0x90009540   0x00000028   Code   RO         1969    i.NAND_ReadStatus   nand.o
    0x90009568   0x90009568   0x00000024   Code   RO         1970    i.NAND_Reset        nand.o
    0x9000958c   0x9000958c   0x00000028   Code   RO         1971    i.NAND_WaitForReady  nand.o
    0x900095b4   0x900095b4   0x00000054   Code   RO         1972    i.NAND_WaitRB       nand.o
    0x90009608   0x90009608   0x00000160   Code   RO         1973    i.NAND_WritePage    nand.o
    0x90009768   0x90009768   0x00000058   Code   RO         1974    i.NAND_WritePageConst  nand.o
    0x900097c0   0x900097c0   0x00000020   Code   RO         1975    i.NAND_WriteSpare   nand.o
    0x900097e0   0x900097e0   0x00000002   Code   RO          433    i.NMI_Handler       stm32h7xx_it.o
    0x900097e2   0x900097e2   0x00000020   Code   RO         2180    i.PCF8574_ReadOneByte  pcf8574.o
    0x90009802   0x90009802   0x00000020   Code   RO         2181    i.PCF8574_WriteBit  pcf8574.o
    0x90009822   0x90009822   0x0000002a   Code   RO         2182    i.PCF8574_WriteOneByte  pcf8574.o
    0x9000984c   0x9000984c   0x00000002   Code   RO          434    i.PendSV_Handler    stm32h7xx_it.o
    0x9000984e   0x9000984e   0x00000002   PAD
    0x90009850   0x90009850   0x000000f0   Code   RO         4371    i.RCCEx_PLL2_Config  stm32h7xx_hal_rcc_ex.o
    0x90009940   0x90009940   0x000000f0   Code   RO         4372    i.RCCEx_PLL3_Config  stm32h7xx_hal_rcc_ex.o
    0x90009a30   0x90009a30   0x00000010   Code   RO         2228    i.SAIA_DMA_Enable   sai.o
    0x90009a40   0x90009a40   0x00000070   Code   RO         2229    i.SAIA_Init         sai.o
    0x90009ab0   0x90009ab0   0x000000d4   Code   RO         2230    i.SAIA_SampleRate_Set  sai.o
    0x90009b84   0x90009b84   0x00000124   Code   RO         2231    i.SAIA_TX_DMA_Init  sai.o
    0x90009ca8   0x90009ca8   0x00000040   Code   RO         8007    i.SAI_Disable       stm32h7xx_hal_sai.o
    0x90009ce8   0x90009ce8   0x0000001c   Code   RO         2235    i.SAI_Play_Start    sai.o
    0x90009d04   0x90009d04   0x0000001c   Code   RO         2236    i.SAI_Play_Stop     sai.o
    0x90009d20   0x90009d20   0x00000044   Code   RO         1976    i.SCB_CleanInvalidateDCache  nand.o
    0x90009d64   0x90009d64   0x00000064   Code   RO         2342    i.SDEnWideBus       sdmmc_sdcard.o
    0x90009dc8   0x90009dc8   0x00000014   Code   RO         2343    i.SDMMC_Clock_Set   sdmmc_sdcard.o
    0x90009ddc   0x90009ddc   0x00000018   Code   RO         2344    i.SDMMC_Send_Cmd    sdmmc_sdcard.o
    0x90009df4   0x90009df4   0x0000002c   Code   RO         2345    i.SDMMC_Send_Data_Cfg  sdmmc_sdcard.o
    0x90009e20   0x90009e20   0x0000005c   Code   RO         2507    i.SDRAM_Init        sdram.o
    0x90009e7c   0x90009e7c   0x00000050   Code   RO         2508    i.SDRAM_Initialization_Sequence  sdram.o
    0x90009ecc   0x90009ecc   0x00000034   Code   RO         2509    i.SDRAM_Send_Cmd    sdram.o
    0x90009f00   0x90009f00   0x00000044   Code   RO         2346    i.SD_EnableWideBusOperation  sdmmc_sdcard.o
    0x90009f44   0x90009f44   0x0000021c   Code   RO         2347    i.SD_GetCardInfo    sdmmc_sdcard.o
    0x9000a160   0x9000a160   0x000000fc   Code   RO         2349    i.SD_Init           sdmmc_sdcard.o
    0x9000a25c   0x9000a25c   0x000000c8   Code   RO         2350    i.SD_InitializeCards  sdmmc_sdcard.o
    0x9000a324   0x9000a324   0x0000010c   Code   RO         2352    i.SD_PowerON        sdmmc_sdcard.o
    0x9000a430   0x9000a430   0x000001c0   Code   RO         2353    i.SD_ReadBlocks     sdmmc_sdcard.o
    0x9000a5f0   0x9000a5f0   0x00000078   Code   RO         2354    i.SD_ReadDisk       sdmmc_sdcard.o
    0x9000a668   0x9000a668   0x00000016   Code   RO         2355    i.SD_SelectDeselect  sdmmc_sdcard.o
    0x9000a67e   0x9000a67e   0x00000002   PAD
    0x9000a680   0x9000a680   0x0000024c   Code   RO         2357    i.SD_WriteBlocks    sdmmc_sdcard.o
    0x9000a8cc   0x9000a8cc   0x00000070   Code   RO         2358    i.SD_WriteDisk      sdmmc_sdcard.o
    0x9000a93c   0x9000a93c   0x0000005c   Code   RO         2565    i.SPI2_Init         spi.o
    0x9000a998   0x9000a998   0x00000020   Code   RO         2566    i.SPI2_ReadWriteByte  spi.o
    0x9000a9b8   0x9000a9b8   0x00000030   Code   RO         2567    i.SPI2_SetSpeed     spi.o
    0x9000a9e8   0x9000a9e8   0x000000de   Code   RO         6942    i.SPI_CloseTransfer  stm32h7xx_hal_spi.o
    0x9000aac6   0x9000aac6   0x00000040   Code   RO         6959    i.SPI_WaitOnFlagUntilTimeout  stm32h7xx_hal_spi.o
    0x9000ab06   0x9000ab06   0x00000002   Code   RO          435    i.SVC_Handler       stm32h7xx_it.o
    0x9000ab08   0x9000ab08   0x000000a8   Code   RO         9420    i.Show_Font         text.o
    0x9000abb0   0x9000abb0   0x000000ae   Code   RO         9421    i.Show_Str          text.o
    0x9000ac5e   0x9000ac5e   0x00000004   Code   RO          436    i.SysTick_Handler   stm32h7xx_it.o
    0x9000ac62   0x9000ac62   0x00000002   PAD
    0x9000ac64   0x9000ac64   0x0000000c   Code   RO         2615    i.TIM3_IRQHandler   timer.o
    0x9000ac70   0x9000ac70   0x0000002c   Code   RO         2616    i.TIM3_Init         timer.o
    0x9000ac9c   0x9000ac9c   0x00000034   Code   RO         9461    i.TIM4_IRQHandler   usmart.o
    0x9000acd0   0x9000acd0   0x0000000c   Code   RO         2619    i.TIM6_DAC_IRQHandler  timer.o
    0x9000acdc   0x9000acdc   0x0000002c   Code   RO         2620    i.TIM6_Init         timer.o
    0x9000ad08   0x9000ad08   0x000000c0   Code   RO         5266    i.TIM_Base_SetConfig  stm32h7xx_hal_tim.o
    0x9000adc8   0x9000adc8   0x00000054   Code   RO         9462    i.Timer4_Init       usmart.o
    0x9000ae1c   0x9000ae1c   0x000000c8   Code   RO         4553    i.UART_AdvFeatureConfig  stm32h7xx_hal_uart.o
    0x9000aee4   0x9000aee4   0x0000005c   Code   RO         4554    i.UART_CheckIdleState  stm32h7xx_hal_uart.o
    0x9000af40   0x9000af40   0x00000014   Code   RO         4555    i.UART_DMAAbortOnError  stm32h7xx_hal_uart.o
    0x9000af54   0x9000af54   0x0000001c   Code   RO         4565    i.UART_EndRxTransfer  stm32h7xx_hal_uart.o
    0x9000af70   0x9000af70   0x00000076   Code   RO         4567    i.UART_Receive_IT   stm32h7xx_hal_uart.o
    0x9000afe6   0x9000afe6   0x00000002   PAD
    0x9000afe8   0x9000afe8   0x000004a8   Code   RO         4568    i.UART_SetConfig    stm32h7xx_hal_uart.o
    0x9000b490   0x9000b490   0x00000074   Code   RO         4569    i.UART_Transmit_IT  stm32h7xx_hal_uart.o
    0x9000b504   0x9000b504   0x00000062   Code   RO         4570    i.UART_WaitOnFlagUntilTimeout  stm32h7xx_hal_uart.o
    0x9000b566   0x9000b566   0x00000002   Code   RO          437    i.UsageFault_Handler  stm32h7xx_it.o
    0x9000b568   0x9000b568   0x00000064   Code   RO         2692    i.W25QXX_Erase_Sector  w25qxx.o
    0x9000b5cc   0x9000b5cc   0x00000088   Code   RO         2693    i.W25QXX_Init       w25qxx.o
    0x9000b654   0x9000b654   0x00000074   Code   RO         2695    i.W25QXX_Read       w25qxx.o
    0x9000b6c8   0x9000b6c8   0x00000058   Code   RO         2696    i.W25QXX_ReadID     w25qxx.o
    0x9000b720   0x9000b720   0x00000048   Code   RO         2697    i.W25QXX_ReadSR     w25qxx.o
    0x9000b768   0x9000b768   0x0000000e   Code   RO         2699    i.W25QXX_Wait_Busy  w25qxx.o
    0x9000b776   0x9000b776   0x00000002   PAD
    0x9000b778   0x9000b778   0x0000009c   Code   RO         2700    i.W25QXX_Write      w25qxx.o
    0x9000b814   0x9000b814   0x0000002c   Code   RO         2702    i.W25QXX_Write_Enable  w25qxx.o
    0x9000b840   0x9000b840   0x0000003e   Code   RO         2703    i.W25QXX_Write_NoCheck  w25qxx.o
    0x9000b87e   0x9000b87e   0x00000002   PAD
    0x9000b880   0x9000b880   0x0000007c   Code   RO         2704    i.W25QXX_Write_Page  w25qxx.o
    0x9000b8fc   0x9000b8fc   0x00000030   Code   RO         9833    i.__ARM_fpclassify  m_wv.l(fpclassify.o)
    0x9000b92c   0x9000b92c   0x0000000e   Code   RO         9707    i._is_digit         c_w.l(__printf_wp.o)
    0x9000b93a   0x9000b93a   0x00000002   PAD
    0x9000b93c   0x9000b93c   0x0000003c   Code   RO          913    i.audio_sai_dma_callback  videoplayer.o
    0x9000b978   0x9000b978   0x0000004c   Code   RO         9233    i.avi_get_streaminfo  avi.o
    0x9000b9c4   0x9000b9c4   0x00000344   Code   RO         9234    i.avi_init          avi.o
    0x9000bd08   0x9000bd08   0x00000048   Code   RO         9235    i.avi_srarch_id     avi.o
    0x9000bd50   0x9000bd50   0x00000078   Code   RO         8371    i.change_bitmap     ff.o
    0x9000bdc8   0x9000bdc8   0x0000000e   Code   RO         8825    i.char_upper        exfuns.o
    0x9000bdd6   0x9000bdd6   0x00000002   PAD
    0x9000bdd8   0x9000bdd8   0x0000008c   Code   RO         8372    i.check_fs          ff.o
    0x9000be64   0x9000be64   0x00000010   Code   RO         8373    i.chk_chr           ff.o
    0x9000be74   0x9000be74   0x00000032   Code   RO         8374    i.clmt_clust        ff.o
    0x9000bea6   0x9000bea6   0x00000018   Code   RO         8375    i.clst2sect         ff.o
    0x9000bebe   0x9000bebe   0x00000002   PAD
    0x9000bec0   0x9000bec0   0x00000084   Code   RO         8376    i.cmp_lfn           ff.o
    0x9000bf44   0x9000bf44   0x0000016a   Code   RO         8377    i.create_chain      ff.o
    0x9000c0ae   0x9000c0ae   0x00000002   PAD
    0x9000c0b0   0x9000c0b0   0x00000210   Code   RO         8378    i.create_name       ff.o
    0x9000c2c0   0x9000c2c0   0x0000007c   Code   RO         8379    i.create_xdir       ff.o
    0x9000c33c   0x9000c33c   0x00000010   Code   RO         8380    i.dbc_1st           ff.o
    0x9000c34c   0x9000c34c   0x00000058   Code   RO         8381    i.dir_alloc         ff.o
    0x9000c3a4   0x9000c3a4   0x000000aa   Code   RO         8382    i.dir_clear         ff.o
    0x9000c44e   0x9000c44e   0x00000146   Code   RO         8383    i.dir_find          ff.o
    0x9000c594   0x9000c594   0x000000c2   Code   RO         8384    i.dir_next          ff.o
    0x9000c656   0x9000c656   0x000000e2   Code   RO         8385    i.dir_read          ff.o
    0x9000c738   0x9000c738   0x0000023c   Code   RO         8386    i.dir_register      ff.o
    0x9000c974   0x9000c974   0x00000096   Code   RO         8388    i.dir_sdi           ff.o
    0x9000ca0a   0x9000ca0a   0x00000028   Code   RO         8315    i.disk_initialize   diskio.o
    0x9000ca32   0x9000ca32   0x00000002   PAD
    0x9000ca34   0x9000ca34   0x000000a4   Code   RO         8316    i.disk_ioctl        diskio.o
    0x9000cad8   0x9000cad8   0x00000066   Code   RO         8317    i.disk_read         diskio.o
    0x9000cb3e   0x9000cb3e   0x00000004   Code   RO         8318    i.disk_status       diskio.o
    0x9000cb42   0x9000cb42   0x00000066   Code   RO         8319    i.disk_write        diskio.o
    0x9000cba8   0x9000cba8   0x00000064   Code   RO         8831    i.exfuns_init       exfuns.o
    0x9000cc0c   0x9000cc0c   0x0000001e   Code   RO         8389    i.f_close           ff.o
    0x9000cc2a   0x9000cc2a   0x0000030e   Code   RO         8394    i.f_lseek           ff.o
    0x9000cf38   0x9000cf38   0x00000048   Code   RO         8397    i.f_mount           ff.o
    0x9000cf80   0x9000cf80   0x0000028e   Code   RO         8398    i.f_open            ff.o
    0x9000d20e   0x9000d20e   0x000000b0   Code   RO         8399    i.f_opendir         ff.o
    0x9000d2be   0x9000d2be   0x00000176   Code   RO         8403    i.f_read            ff.o
    0x9000d434   0x9000d434   0x0000006c   Code   RO         8404    i.f_readdir         ff.o
    0x9000d4a0   0x9000d4a0   0x00000168   Code   RO         8408    i.f_sync            ff.o
    0x9000d608   0x9000d608   0x00000088   Code   RO         8832    i.f_typetell        exfuns.o
    0x9000d690   0x9000d690   0x00000008   Code   RO         8914    i.ff_memalloc       ffsystem.o
    0x9000d698   0x9000d698   0x00000008   Code   RO         8915    i.ff_memfree        ffsystem.o
    0x9000d6a0   0x9000d6a0   0x00000070   Code   RO         9107    i.ff_oem2uni        myffunicode.o
    0x9000d710   0x9000d710   0x00000070   Code   RO         9108    i.ff_uni2oem        myffunicode.o
    0x9000d780   0x9000d780   0x00000088   Code   RO         9109    i.ff_wtoupper       myffunicode.o
    0x9000d808   0x9000d808   0x0000002e   Code   RO         8412    i.fill_first_frag   ff.o
    0x9000d836   0x9000d836   0x00000032   Code   RO         8413    i.fill_last_frag    ff.o
    0x9000d868   0x9000d868   0x00000090   Code   RO         8414    i.find_bitmap       ff.o
    0x9000d8f8   0x9000d8f8   0x00000368   Code   RO         8415    i.find_volume       ff.o
    0x9000dc60   0x9000dc60   0x0000009c   Code   RO         8416    i.follow_path       ff.o
    0x9000dcfc   0x9000dcfc   0x00000040   Code   RO         9368    i.font_init         fontupd.o
    0x9000dd3c   0x9000dd3c   0x00000090   Code   RO         8417    i.gen_numname       ff.o
    0x9000ddcc   0x9000ddcc   0x00000132   Code   RO         8418    i.get_fat           ff.o
    0x9000defe   0x9000defe   0x00000004   Code   RO         8916    i.get_fattime       ffsystem.o
    0x9000df02   0x9000df02   0x00000134   Code   RO         8419    i.get_fileinfo      ff.o
    0x9000e036   0x9000e036   0x00000036   Code   RO         8420    i.get_ldnumber      ff.o
    0x9000e06c   0x9000e06c   0x000000a8   Code   RO         8421    i.get_xfileinfo     ff.o
    0x9000e114   0x9000e114   0x0000002e   Code   RO         8422    i.init_alloc_info   ff.o
    0x9000e142   0x9000e142   0x00000026   Code   RO         8423    i.ld_clust          ff.o
    0x9000e168   0x9000e168   0x00000016   Code   RO         8424    i.ld_dword          ff.o
    0x9000e17e   0x9000e17e   0x00000056   Code   RO         8425    i.ld_qword          ff.o
    0x9000e1d4   0x9000e1d4   0x0000000a   Code   RO         8426    i.ld_word           ff.o
    0x9000e1de   0x9000e1de   0x0000003a   Code   RO         8427    i.load_obj_xdir     ff.o
    0x9000e218   0x9000e218   0x000000d0   Code   RO         8428    i.load_xdir         ff.o
    0x9000e2e8   0x9000e2e8   0x00000018   Code   RO         8429    i.mem_cmp           ff.o
    0x9000e300   0x9000e300   0x00000012   Code   RO         8430    i.mem_cpy           ff.o
    0x9000e312   0x9000e312   0x0000000c   Code   RO         8431    i.mem_set           ff.o
    0x9000e31e   0x9000e31e   0x00000002   PAD
    0x9000e320   0x9000e320   0x000001c8   Code   RO         9277    i.mjpeg_decode      mjpeg.o
    0x9000e4e8   0x9000e4e8   0x00000048   Code   RO         9278    i.mjpeg_dma_in_callback  mjpeg.o
    0x9000e530   0x9000e530   0x000000d8   Code   RO         9279    i.mjpeg_dma_out_callback  mjpeg.o
    0x9000e608   0x9000e608   0x00000010   Code   RO         9280    i.mjpeg_endofcovert_callback  mjpeg.o
    0x9000e618   0x9000e618   0x0000008c   Code   RO         9281    i.mjpeg_fill_color  mjpeg.o
    0x9000e6a4   0x9000e6a4   0x00000020   Code   RO         9282    i.mjpeg_free        mjpeg.o
    0x9000e6c4   0x9000e6c4   0x00000074   Code   RO         9283    i.mjpeg_hdrover_callback  mjpeg.o
    0x9000e738   0x9000e738   0x0000009c   Code   RO         9284    i.mjpeg_init        mjpeg.o
    0x9000e7d4   0x9000e7d4   0x00000026   Code   RO         9285    i.mjpeg_jpeg_core_destroy  mjpeg.o
    0x9000e7fa   0x9000e7fa   0x00000002   PAD
    0x9000e7fc   0x9000e7fc   0x00000070   Code   RO         9286    i.mjpeg_jpeg_core_init  mjpeg.o
    0x9000e86c   0x9000e86c   0x000000f0   Code   RO         9287    i.mjpeg_ltdc_dma2d_yuv2rgb_fill  mjpeg.o
    0x9000e95c   0x9000e95c   0x00000032   Code   RO         8432    i.move_window       ff.o
    0x9000e98e   0x9000e98e   0x00000002   PAD
    0x9000e990   0x9000e990   0x00000058   Code   RO         9144    i.my_mem_free       malloc.o
    0x9000e9e8   0x9000e9e8   0x0000002c   Code   RO         9145    i.my_mem_init       malloc.o
    0x9000ea14   0x9000ea14   0x00000088   Code   RO         9146    i.my_mem_malloc     malloc.o
    0x9000ea9c   0x9000ea9c   0x0000003c   Code   RO         9147    i.my_mem_perused    malloc.o
    0x9000ead8   0x9000ead8   0x00000018   Code   RO         9148    i.myfree            malloc.o
    0x9000eaf0   0x9000eaf0   0x00000020   Code   RO         9149    i.mymalloc          malloc.o
    0x9000eb10   0x9000eb10   0x0000000c   Code   RO         9151    i.mymemset          malloc.o
    0x9000eb1c   0x9000eb1c   0x00000070   Code   RO         8433    i.pick_lfn          ff.o
    0x9000eb8c   0x9000eb8c   0x000000f6   Code   RO         8434    i.put_fat           ff.o
    0x9000ec82   0x9000ec82   0x0000002e   Code   RO         8435    i.put_utf           ff.o
    0x9000ecb0   0x9000ecb0   0x00000004   Code   RO         9463    i.read_addr         usmart.o
    0x9000ecb4   0x9000ecb4   0x0000010c   Code   RO         8439    i.remove_chain      ff.o
    0x9000edc0   0x9000edc0   0x00000028   Code   RO         8440    i.st_clust          ff.o
    0x9000ede8   0x9000ede8   0x00000010   Code   RO         8441    i.st_dword          ff.o
    0x9000edf8   0x9000edf8   0x0000004a   Code   RO         8442    i.st_qword          ff.o
    0x9000ee42   0x9000ee42   0x00000008   Code   RO         8443    i.st_word           ff.o
    0x9000ee4a   0x9000ee4a   0x0000006a   Code   RO         8444    i.store_xdir        ff.o
    0x9000eeb4   0x9000eeb4   0x0000001a   Code   RO         8445    i.sum_sfn           ff.o
    0x9000eece   0x9000eece   0x00000002   PAD
    0x9000eed0   0x9000eed0   0x00000088   Code   RO         8446    i.sync_fs           ff.o
    0x9000ef58   0x9000ef58   0x00000046   Code   RO         8447    i.sync_window       ff.o
    0x9000ef9e   0x9000ef9e   0x0000004e   Code   RO         8448    i.tchar2uni         ff.o
    0x9000efec   0x9000efec   0x00000094   Code   RO         9464    i.usmart_cmd_rec    usmart.o
    0x9000f080   0x9000f080   0x00000260   Code   RO         9465    i.usmart_exe        usmart.o
    0x9000f2e0   0x9000f2e0   0x000000a4   Code   RO         9576    i.usmart_get_aparm  usmart_str.o
    0x9000f384   0x9000f384   0x0000002e   Code   RO         9577    i.usmart_get_cmdname  usmart_str.o
    0x9000f3b2   0x9000f3b2   0x00000002   PAD
    0x9000f3b4   0x9000f3b4   0x00000168   Code   RO         9578    i.usmart_get_fname  usmart_str.o
    0x9000f51c   0x9000f51c   0x000000d0   Code   RO         9579    i.usmart_get_fparam  usmart_str.o
    0x9000f5ec   0x9000f5ec   0x00000024   Code   RO         9580    i.usmart_get_parmpos  usmart_str.o
    0x9000f610   0x9000f610   0x00000030   Code   RO         9466    i.usmart_get_runtime  usmart.o
    0x9000f640   0x9000f640   0x00000028   Code   RO         9467    i.usmart_init       usmart.o
    0x9000f668   0x9000f668   0x00000010   Code   RO         9581    i.usmart_pow        usmart_str.o
    0x9000f678   0x9000f678   0x00000028   Code   RO         9468    i.usmart_reset_runtime  usmart.o
    0x9000f6a0   0x9000f6a0   0x000000a4   Code   RO         9469    i.usmart_scan       usmart.o
    0x9000f744   0x9000f744   0x00000010   Code   RO         9582    i.usmart_search_nextc  usmart_str.o
    0x9000f754   0x9000f754   0x000000d6   Code   RO         9583    i.usmart_str2num    usmart_str.o
    0x9000f82a   0x9000f82a   0x00000018   Code   RO         9584    i.usmart_strcmp     usmart_str.o
    0x9000f842   0x9000f842   0x00000012   Code   RO         9585    i.usmart_strcopy    usmart_str.o
    0x9000f854   0x9000f854   0x00000012   Code   RO         9586    i.usmart_strlen     usmart_str.o
    0x9000f866   0x9000f866   0x00000002   PAD
    0x9000f868   0x9000f868   0x00000680   Code   RO         9470    i.usmart_sys_cmd_exe  usmart.o
    0x9000fee8   0x9000fee8   0x00000034   Code   RO         8449    i.validate          ff.o
    0x9000ff1c   0x9000ff1c   0x00000094   Code   RO          914    i.video_bmsg_show   videoplayer.o
    0x9000ffb0   0x9000ffb0   0x00000054   Code   RO          915    i.video_get_tnum    videoplayer.o
    0x90010004   0x90010004   0x000000ac   Code   RO          916    i.video_info_show   videoplayer.o
    0x900100b0   0x900100b0   0x00000208   Code   RO          917    i.video_play        videoplayer.o
    0x900102b8   0x900102b8   0x000003c4   Code   RO          918    i.video_play_mjpeg  videoplayer.o
    0x9001067c   0x9001067c   0x00000120   Code   RO          919    i.video_seek        videoplayer.o
    0x9001079c   0x9001079c   0x00000114   Code   RO          920    i.video_time_show   videoplayer.o
    0x900108b0   0x900108b0   0x00000004   Code   RO         9471    i.write_addr        usmart.o
    0x900108b4   0x900108b4   0x00000034   Code   RO         8450    i.xdir_sum          ff.o
    0x900108e8   0x900108e8   0x0000003e   Code   RO         8451    i.xname_sum         ff.o
    0x90010926   0x90010926   0x00000002   PAD
    0x90010928   0x90010928   0x0000008a   Code   RO         9746    x$fpl$dfltull       fz_wv.l(dfltll_clz.o)
    0x900109b2   0x900109b2   0x00000004   Code   RO         9749    x$fpl$printf1       fz_wv.l(printf1.o)
    0x900109b6   0x900109b6   0x00000000   Code   RO         9772    x$fpl$usenofp       fz_wv.l(usenofp.o)
    0x900109b6   0x900109b6   0x00004740   Data   RO         1483    .constdata          lcd.o
    0x900150f6   0x900150f6   0x0000006e   Data   RO         2240    .constdata          sai.o
    0x90015164   0x90015164   0x00000008   Data   RO         3447    .constdata          stm32h7xx_hal_dma.o
    0x9001516c   0x9001516c   0x00000018   Data   RO         4571    .constdata          stm32h7xx_hal_uart.o
    0x90015184   0x90015184   0x0000003c   Data   RO         8454    .constdata          ff.o
    0x900151c0   0x900151c0   0x00000070   Data   RO         8836    .constdata          exfuns.o
    0x90015230   0x90015230   0x000002ae   Data   RO         9110    .constdata          myffunicode.o
    0x900154de   0x900154de   0x00000002   PAD
    0x900154e0   0x900154e0   0x00000048   Data   RO         9165    .constdata          malloc.o
    0x90015528   0x90015528   0x00000010   Data   RO         9237    .constdata          avi.o
    0x90015538   0x90015538   0x00000028   Data   RO         9680    .constdata          c_w.l(_printf_hex_int.o)
    0x90015560   0x90015560   0x00000011   Data   RO         9715    .constdata          c_w.l(__printf_flags_ss_wp.o)
    0x90015571   0x90015571   0x00000003   PAD
    0x90015574   0x90015574   0x00000094   Data   RO         9800    .constdata          c_w.l(bigflt0.o)
    0x90015608   0x90015608   0x00000048   Data   RO         8837    .conststring        exfuns.o
    0x90015650   0x90015650   0x0000001d   Data   RO         9238    .conststring        avi.o
    0x9001566d   0x9001566d   0x00000003   PAD
    0x90015670   0x90015670   0x00000028   Data   RO         9473    .conststring        usmart.o
    0x90015698   0x90015698   0x000001fb   Data   RO         9550    .conststring        usmart_config.o



  Load Region LR$$.ARM.__AT_0x00000000 (Base: 0x00000000, Size: 0x00000000, Max: 0x0000f000, ABSOLUTE)

    Execution Region ER$$.ARM.__AT_0x00000000 (Exec base: 0x00000000, Load base: 0x00000000, Size: 0x0000f000, Max: 0x0000f000, ABSOLUTE, UNINIT)

    Exec Addr    Load Addr    Size         Type   Attr      Idx    E Section Name        Object

    0x00000000        -       0x0000f000   Zero   RW         9153    .ARM.__AT_0x00000000  malloc.o



  Load Region LR$$.ARM.__AT_0x0000F000 (Base: 0x0000f000, Size: 0x00000000, Max: 0x00000f00, ABSOLUTE)

    Execution Region ER$$.ARM.__AT_0x0000F000 (Exec base: 0x0000f000, Load base: 0x0000f000, Size: 0x00000f00, Max: 0x00000f00, ABSOLUTE, UNINIT)

    Exec Addr    Load Addr    Size         Type   Attr      Idx    E Section Name        Object

    0x0000f000        -       0x00000f00   Zero   RW         9154    .ARM.__AT_0x0000F000  malloc.o



  Load Region LR$$.ARM.__AT_0x20000000 (Base: 0x20000000, Size: 0x00000000, Max: 0x0001e000, ABSOLUTE)

    Execution Region ER$$.ARM.__AT_0x20000000 (Exec base: 0x20000000, Load base: 0x20000000, Size: 0x0001e000, Max: 0x0001e000, ABSOLUTE, UNINIT)

    Exec Addr    Load Addr    Size         Type   Attr      Idx    E Section Name        Object

    0x20000000        -       0x0001e000   Zero   RW         9155    .ARM.__AT_0x20000000  malloc.o



  Load Region LR$$.ARM.__AT_0x2001E000 (Base: 0x2001e000, Size: 0x00000000, Max: 0x00001e00, ABSOLUTE)

    Execution Region ER$$.ARM.__AT_0x2001E000 (Exec base: 0x2001e000, Load base: 0x2001e000, Size: 0x00001e00, Max: 0x00001e00, ABSOLUTE, UNINIT)

    Exec Addr    Load Addr    Size         Type   Attr      Idx    E Section Name        Object

    0x2001e000        -       0x00001e00   Zero   RW         9156    .ARM.__AT_0x2001E000  malloc.o



  Load Region LR$$.ARM.__AT_0x30000000 (Base: 0x30000000, Size: 0x00000000, Max: 0x0003c000, ABSOLUTE)

    Execution Region ER$$.ARM.__AT_0x30000000 (Exec base: 0x30000000, Load base: 0x30000000, Size: 0x0003c000, Max: 0x0003c000, ABSOLUTE, UNINIT)

    Exec Addr    Load Addr    Size         Type   Attr      Idx    E Section Name        Object

    0x30000000        -       0x0003c000   Zero   RW         9157    .ARM.__AT_0x30000000  malloc.o



  Load Region LR$$.ARM.__AT_0x3003C000 (Base: 0x3003c000, Size: 0x00000000, Max: 0x00003c00, ABSOLUTE)

    Execution Region ER$$.ARM.__AT_0x3003C000 (Exec base: 0x3003c000, Load base: 0x3003c000, Size: 0x00003c00, Max: 0x00003c00, ABSOLUTE, UNINIT)

    Exec Addr    Load Addr    Size         Type   Attr      Idx    E Section Name        Object

    0x3003c000        -       0x00003c00   Zero   RW         9158    .ARM.__AT_0x3003C000  malloc.o



  Load Region LR$$.ARM.__AT_0x38000000 (Base: 0x38000000, Size: 0x00000000, Max: 0x0000f000, ABSOLUTE)

    Execution Region ER$$.ARM.__AT_0x38000000 (Exec base: 0x38000000, Load base: 0x38000000, Size: 0x0000f000, Max: 0x0000f000, ABSOLUTE, UNINIT)

    Exec Addr    Load Addr    Size         Type   Attr      Idx    E Section Name        Object

    0x38000000        -       0x0000f000   Zero   RW         9159    .ARM.__AT_0x38000000  malloc.o



  Load Region LR$$.ARM.__AT_0x3800F000 (Base: 0x3800f000, Size: 0x00000000, Max: 0x00000f00, ABSOLUTE)

    Execution Region ER$$.ARM.__AT_0x3800F000 (Exec base: 0x3800f000, Load base: 0x3800f000, Size: 0x00000f00, Max: 0x00000f00, ABSOLUTE, UNINIT)

    Exec Addr    Load Addr    Size         Type   Attr      Idx    E Section Name        Object

    0x3800f000        -       0x00000f00   Zero   RW         9160    .ARM.__AT_0x3800F000  malloc.o



  Load Region LR$$.ARM.__AT_0xC0000000 (Base: 0xc0000000, Size: 0x00000000, Max: 0x001f4000, ABSOLUTE)

    Execution Region ER$$.ARM.__AT_0xC0000000 (Exec base: 0xc0000000, Load base: 0xc0000000, Size: 0x001f4000, Max: 0x001f4000, ABSOLUTE, UNINIT)

    Exec Addr    Load Addr    Size         Type   Attr      Idx    E Section Name        Object

    0xc0000000        -       0x001f4000   Zero   RW         1689    .ARM.__AT_0xC0000000  ltdc.o



  Load Region LR$$.ARM.__AT_0xC01F4000 (Base: 0xc01f4000, Size: 0x00000000, Max: 0x03200000, ABSOLUTE)

    Execution Region ER$$.ARM.__AT_0xC01F4000 (Exec base: 0xc01f4000, Load base: 0xc01f4000, Size: 0x03200000, Max: 0x03200000, ABSOLUTE, UNINIT)

    Exec Addr    Load Addr    Size         Type   Attr      Idx    E Section Name        Object

    0xc01f4000        -       0x03200000   Zero   RW         9161    .ARM.__AT_0xC01F4000  malloc.o



  Load Region LR$$.ARM.__AT_0xC33F4000 (Base: 0xc33f4000, Size: 0x00000000, Max: 0x00320000, ABSOLUTE)

    Execution Region ER$$.ARM.__AT_0xC33F4000 (Exec base: 0xc33f4000, Load base: 0xc33f4000, Size: 0x00320000, Max: 0x00320000, ABSOLUTE, UNINIT)

    Exec Addr    Load Addr    Size         Type   Attr      Idx    E Section Name        Object

    0xc33f4000        -       0x00320000   Zero   RW         9162    .ARM.__AT_0xC33F4000  malloc.o


==============================================================================

Image component sizes


      Code (inc. data)   RO Data    RW Data    ZI Data      Debug   Object Name

       984        294         45          0         40       6775   avi.o
        98          8          0          4          0       2099   delay.o
       412          8          0          0          0       5390   diskio.o
       576          0          0          0          0       7444   es8388.o
       250         12        184         12         12       3364   exfuns.o
     10006        104         60          2         12      83001   ff.o
        20          0          0          0          0       1649   ffsystem.o
        64          6          0          0         41       2279   fontupd.o
      1904        296          0          4          0      12071   ftl.o
      1148         58          0         16          0      10149   jpegcodec.o
       344         34          0          1          0       1870   key.o
     12228        202      18240          8         90      23347   lcd.o
        76          8          0          0          0        923   led.o
      1858        120          0          8    2048200      11206   ltdc.o
       548        160          0          0          0       5243   main.o
       396         42         72         64   56715264       7684   malloc.o
      1594        172          0         20        176       9210   mjpeg.o
       360         28        686          0          0       3556   myffunicode.o
       712         40          0          0          0       5286   myiic.o
      2970        324          0          0        156      20409   nand.o
       106          0          0          0          0       2350   pcf8574.o
      1076        170        110          8        536       7126   sai.o
      3502        278          0          8        632      28344   sdmmc_sdcard.o
       532         54          0          0         52       3750   sdram.o
       272         28          0          0        136       3046   spi.o
        64         26        664          0       3072        908   startup_stm32h750xx.o
       136         24          0         12          0       4087   stm32h7xx_hal.o
       370         28          0          0          0      41399   stm32h7xx_hal_cortex.o
      1036         70          8          0          0       7123   stm32h7xx_hal_dma.o
       206          4          0          0          0       2465   stm32h7xx_hal_dma_ex.o
       508         50          0          0          0       3495   stm32h7xx_hal_gpio.o
       848          6          0          0          0       4897   stm32h7xx_hal_ltdc.o
         2          0          0          0          0        482   stm32h7xx_hal_msp.o
        96          4          0          0          0       1423   stm32h7xx_hal_nand.o
      2040        108          0          0          0       6664   stm32h7xx_hal_rcc.o
      3892        208          0          0          0      10861   stm32h7xx_hal_rcc_ex.o
       926         48          0          0          0       4444   stm32h7xx_hal_sai.o
       160          4          0          0          0       2832   stm32h7xx_hal_sdram.o
      1558         14          0          0          0       5249   stm32h7xx_hal_spi.o
       100          4          0          0          0       1272   stm32h7xx_hal_sram.o
       662         32          0          0          0       6973   stm32h7xx_hal_tim.o
         4          0          0          0          0       1866   stm32h7xx_hal_tim_ex.o
      2536        122         24          0          0      33888   stm32h7xx_hal_uart.o
         2          0          0          0          0       1080   stm32h7xx_hal_uart_ex.o
        18          0          0          0          0    1303274   stm32h7xx_it.o
       634         24          0          0          0       8241   stm32h7xx_ll_fmc.o
       704         60          0          0          0      38142   sys.o
       132         16         16          8          0       1406   system_stm32h7xx.o
       494         14          0          0          0       3807   text.o
       248         58          0          8        128       4285   timer.o
       362         56          0          8        328       5829   usart.o
      2856       1354         40         28         64       8611   usmart.o
         0          0        507        364          0       1724   usmart_config.o
      1120         20          0          0          0      10131   usmart_str.o
      2512        386          0          8         16      16585   videoplayer.o
       912         60          0          2       4096       8017   w25qxx.o

    ----------------------------------------------------------------------
     67712       5246      20696        600   58773100    1819031   Object Totals
       480          0         32          0          0          0   (incl. Generated)
        58          0          8          7         49          0   (incl. Padding)

    ----------------------------------------------------------------------

      Code (inc. data)   RO Data    RW Data    ZI Data      Debug   Library Member Name

        90          0          0          0          0          0   __dczerorl2.o
         8          0          0          0          0         68   __main.o
       392          4         17          0          0         92   __printf_flags_ss_wp.o
        14          0          0          0          0         68   __printf_wp.o
         0          0          0          0          0          0   __rtentry.o
        12          0          0          0          0          0   __rtentry2.o
         6          0          0          0          0          0   __rtentry4.o
        52          8          0          0          0          0   __scatter.o
        28          0          0          0          0          0   __scatter_zi.o
         6          0          0          0          0          0   _printf_c.o
        44          0          0          0          0        108   _printf_char.o
        48          6          0          0          0         96   _printf_char_common.o
        36          4          0          0          0         80   _printf_char_file.o
         6          0          0          0          0          0   _printf_d.o
       120         16          0          0          0         92   _printf_dec.o
         6          0          0          0          0          0   _printf_f.o
      1054          0          0          0          0        216   _printf_fp_dec.o
       128         16          0          0          0         84   _printf_fp_infnan.o
        88          4         40          0          0         88   _printf_hex_int.o
       178          0          0          0          0         88   _printf_intcommon.o
        78          0          0          0          0        108   _printf_pad.o
         0          0          0          0          0          0   _printf_percent.o
         4          0          0          0          0          0   _printf_percent_end.o
         6          0          0          0          0          0   _printf_s.o
        82          0          0          0          0         80   _printf_str.o
         6          0          0          0          0          0   _printf_u.o
         6          0          0          0          0          0   _printf_x.o
        10          0          0          0          0         68   _sputc.o
       228          4        148          0          0         96   bigflt0.o
      1936        128          0          0          0        672   btod.o
        18          0          0          0          0         80   exit.o
         8          0          0          0          0         68   ferror.o
         6          0          0          0          0        152   heapauxi.o
        44         10         28          0          0         76   lc_numeric_c.o
         2          0          0          0          0          0   libinit.o
        22          0          0          0          0          0   libinit2.o
         2          0          0          0          0          0   libshutdown.o
         2          0          0          0          0          0   libshutdown2.o
         8          4          0          0         96         68   libspace.o
        72          0          0          0          0         76   llsdiv.o
       138          0          0          0          0         80   lludiv10.o
       238          0          0          0          0        100   lludivv7m.o
        24          4          0          0          0         84   noretval__2printf.o
        40          6          0          0          0         84   noretval__2sprintf.o
         8          4          0          0          0         68   rt_locale_intlibspace.o
        68          0          0          0          0         68   rt_memclr.o
        78          0          0          0          0         80   rt_memclr_w.o
       138          0          0          0          0         68   rt_memcpy_v6.o
       100          0          0          0          0         80   rt_memcpy_w.o
         2          0          0          0          0          0   rtexit.o
        10          0          0          0          0          0   rtexit2.o
        24          0          0          0          0         68   strcat.o
       104          0          0          0          0         68   strcmpv7m_pel.o
        72          0          0          0          0         80   strcpy.o
        74          0          0          0          0         80   sys_stackheap_outer.o
       138          0          0          0          0        132   dfltll_clz.o
        10          0          0          0          0        116   fpinit.o
         4          0          0          0          0        116   printf1.o
         0          0          0          0          0          0   usenofp.o
        48          0          0          0          0        124   fpclassify.o

    ----------------------------------------------------------------------
      6184        218        236          0        100       4120   Library Totals
        10          0          3          0          4          0   (incl. Padding)

    ----------------------------------------------------------------------

      Code (inc. data)   RO Data    RW Data    ZI Data      Debug   Library Name

      5974        218        233          0         96       3632   c_w.l
       152          0          0          0          0        364   fz_wv.l
        48          0          0          0          0        124   m_wv.l

    ----------------------------------------------------------------------
      6184        218        236          0        100       4120   Library Totals

    ----------------------------------------------------------------------

==============================================================================


      Code (inc. data)   RO Data    RW Data    ZI Data      Debug   

     73896       5464      20932        600   58773200    1781423   Grand Totals
     73896       5464      20932        216   58773200    1781423   ELF Image Totals (compressed)
     73896       5464      20932        216          0          0   ROM Totals

==============================================================================

    Total RO  Size (Code + RO Data)                94828 (  92.61kB)
    Total RW  Size (RW Data + ZI Data)          58773800 (57396.29kB)
    Total ROM Size (Code + RO Data + RW Data)      95044 (  92.82kB)

==============================================================================

